
running 1 test
=== Style Catalog Character Styles ===
  char_style: Hyperlink
  char_style: FootnoteReference
  char_style: FootnoteTextChar
  char_style: EndnoteReference
  char_style: EndnoteTextChar
=== Style Catalog Paragraph Styles ===
  para_style: __DocDefault (parent: None)
  para_style: Title (parent: Some(StyleId("Normal")))
  para_style: Heading1 (parent: Some(StyleId("Normal")))
  para_style: Heading2 (parent: Some(StyleId("Normal")))
  para_style: Heading3 (parent: Some(StyleId("Normal")))
  para_style: Heading4 (parent: Some(StyleId("Normal")))
  para_style: Heading5 (parent: Some(StyleId("Normal")))
  para_style: Heading6 (parent: Some(StyleId("Normal")))
  para_style: Strong (parent: Some(StyleId("Normal")))
  para_style: ListParagraph (parent: Some(StyleId("Normal")))
  para_style: FootnoteText (parent: Some(StyleId("Normal")))
  para_style: EndnoteText (parent: Some(StyleId("Normal")))
  para_style: Normal (parent: Some(StyleId("__DocDefault")))
=== Fontique Calibri Lookup ===
Family name: Calibri
Resolved font: face_idx=0, blob_len=1441448, blob_index=0, file_type=Single Font tables: ["GDEF", "GPOS", "GSUB", "OS/2", "cmap", "cvt ", "fpgm", "gasp", "glyf", "head", "hhea", "hmtx", "kern", "loca", "maxp", "meta", "name", "post", "prep"], weight=FontWeight(300.0), style=Normal, mappings=[('A', Some(4)), ('p', Some(393)), ('T', Some(100)), ('h', Some(346)), ('e', Some(286)), ('r', Some(396)), (' ', Some(3)), ('L', Some(62)), ('o', Some(381)), ('k', Some(364)), ('i', Some(349)), ('C', Some(18)), ('s', Some(400)), ('-', Some(882)), ('P', Some(87)), ('l', Some(367)), ('a', Some(258)), ('t', Some(410)), ('f', Some(296)), ('m', Some(373)), ('O', Some(75)), ('c', Some(272)), ('S', Some(94)), ('u', Some(437))]
Resolved font: face_idx=1, blob_len=1065868, blob_index=0, file_type=Single Font tables: ["GDEF", "GPOS", "GSUB", "OS/2", "cmap", "cvt ", "fpgm", "gasp", "glyf", "head", "hhea", "hmtx", "kern", "loca", "maxp", "meta", "name", "post", "prep"], weight=FontWeight(300.0), style=Italic, mappings=[('A', Some(4)), ('p', Some(393)), ('T', Some(100)), ('h', Some(346)), ('e', Some(286)), ('r', Some(396)), (' ', Some(3)), ('L', Some(62)), ('o', Some(381)), ('k', Some(364)), ('i', Some(349)), ('C', Some(18)), ('s', Some(400)), ('-', Some(882)), ('P', Some(87)), ('l', Some(367)), ('a', Some(258)), ('t', Some(410)), ('f', Some(296)), ('m', Some(373)), ('O', Some(75)), ('c', Some(272)), ('S', Some(94)), ('u', Some(437))]
Resolved font: face_idx=2, blob_len=1650632, blob_index=0, file_type=Single Font tables: ["EBDT", "EBLC", "GDEF", "GPOS", "GSUB", "OS/2", "cmap", "cvt ", "fpgm", "gasp", "glyf", "head", "hhea", "hmtx", "kern", "loca", "maxp", "meta", "name", "post", "prep"], weight=FontWeight(400.0), style=Normal, mappings=[('A', Some(4)), ('p', Some(393)), ('T', Some(100)), ('h', Some(346)), ('e', Some(286)), ('r', Some(396)), (' ', Some(3)), ('L', Some(62)), ('o', Some(381)), ('k', Some(364)), ('i', Some(349)), ('C', Some(18)), ('s', Some(400)), ('-', Some(882)), ('P', Some(87)), ('l', Some(367)), ('a', Some(258)), ('t', Some(410)), ('f', Some(296)), ('m', Some(373)), ('O', Some(75)), ('c', Some(272)), ('S', Some(94)), ('u', Some(437))]
Resolved font: face_idx=3, blob_len=1202512, blob_index=0, file_type=Single Font tables: ["EBDT", "EBLC", "GDEF", "GPOS", "GSUB", "OS/2", "cmap", "cvt ", "fpgm", "gasp", "glyf", "head", "hhea", "hmtx", "kern", "loca", "maxp", "meta", "name", "post", "prep"], weight=FontWeight(400.0), style=Italic, mappings=[('A', Some(4)), ('p', Some(393)), ('T', Some(100)), ('h', Some(346)), ('e', Some(286)), ('r', Some(396)), (' ', Some(3)), ('L', Some(62)), ('o', Some(381)), ('k', Some(364)), ('i', Some(349)), ('C', Some(18)), ('s', Some(400)), ('-', Some(882)), ('P', Some(87)), ('l', Some(367)), ('a', Some(258)), ('t', Some(410)), ('f', Some(296)), ('m', Some(373)), ('O', Some(75)), ('c', Some(272)), ('S', Some(94)), ('u', Some(437))]
Resolved font: face_idx=4, blob_len=1615616, blob_index=0, file_type=Single Font tables: ["EBDT", "EBLC", "GDEF", "GPOS", "GSUB", "OS/2", "cmap", "cvt ", "fpgm", "gasp", "glyf", "head", "hhea", "hmtx", "kern", "loca", "maxp", "meta", "name", "post", "prep"], weight=FontWeight(700.0), style=Normal, mappings=[('A', Some(4)), ('p', Some(393)), ('T', Some(100)), ('h', Some(346)), ('e', Some(286)), ('r', Some(396)), (' ', Some(3)), ('L', Some(62)), ('o', Some(381)), ('k', Some(364)), ('i', Some(349)), ('C', Some(18)), ('s', Some(400)), ('-', Some(882)), ('P', Some(87)), ('l', Some(367)), ('a', Some(258)), ('t', Some(410)), ('f', Some(296)), ('m', Some(373)), ('O', Some(75)), ('c', Some(272)), ('S', Some(94)), ('u', Some(437))]
Resolved font: face_idx=5, blob_len=1163904, blob_index=0, file_type=Single Font tables: ["EBDT", "EBLC", "GDEF", "GPOS", "GSUB", "OS/2", "cmap", "cvt ", "fpgm", "gasp", "glyf", "head", "hhea", "hmtx", "kern", "loca", "maxp", "meta", "name", "post", "prep"], weight=FontWeight(700.0), style=Italic, mappings=[('A', Some(4)), ('p', Some(393)), ('T', Some(100)), ('h', Some(346)), ('e', Some(286)), ('r', Some(396)), (' ', Some(3)), ('L', Some(62)), ('o', Some(381)), ('k', Some(364)), ('i', Some(349)), ('C', Some(18)), ('s', Some(400)), ('-', Some(882)), ('P', Some(87)), ('l', Some(367)), ('a', Some(258)), ('t', Some(410)), ('f', Some(296)), ('m', Some(373)), ('O', Some(75)), ('c', Some(272)), ('S', Some(94)), ('u', Some(437))]
=== Content Blocks ===
Block 0: StyledPara(StyledParagraph { style_id: None, direct_para_props: Some(ParaProps { alignment: Some(Center), indent_start: None, indent_end: None, indent_first_line: None, indent_hanging: None, space_before: Some(Exact(Length { value: 120.0, _unit: PhantomData<loki_primitives::units::unit_types::Pt> })), space_after: Some(Exact(Length { value: 10.0, _unit: PhantomData<loki_primitives::units::unit_types::Pt> })), line_height: None, border_top: None, border_bottom: None, border_left: None, border_right: None, border_between: None, padding_top: None, padding_bottom: None, padding_left: None, padding_right: None, background_color: None, tab_stops: None, keep_together: None, keep_with_next: None, orphan_control: None, widow_control: None, page_break_before: None, page_break_after: None, column_break_after: None, list_id: None, list_level: None, outline_level: None, bidi: None, extensions: ExtensionBag { entries: [] } }), direct_char_props: None, inlines: [StyledRun(StyledRun { style_id: None, direct_props: Some(CharProps { font_name: Some("Calibri"), font_name_complex: Some("Calibri"), font_name_east_asian: Some("Calibri"), font_size: Some(Length { value: 36.0, _unit: PhantomData<loki_primitives::units::unit_types::Pt> }), font_size_complex: Some(Length { value: 36.0, _unit: PhantomData<loki_primitives::units::unit_types::Pt> }), bold: Some(true), italic: None, underline: None, strikethrough: None, outline: None, shadow: None, small_caps: None, all_caps: None, vertical_align: None, color: Some(Rgb(RgbColor { r: 0.105882354, g: 0.16470589, b: 0.2901961 })), background_color: None, highlight_color: None, letter_spacing: None, word_spacing: None, kerning: None, scale: None, language: None, language_complex: None, language_east_asian: None, hyperlink: None, extensions: ExtensionBag { entries: [] } }), content: [Str("AppThere Loki")], attr: NodeAttr { id: None, classes: [], kv: [], extensions: ExtensionBag { entries: [] } } })], attr: NodeAttr { id: None, classes: [], kv: [], extensions: ExtensionBag { entries: [] } } })
Block 1: StyledPara(StyledParagraph { style_id: None, direct_para_props: Some(ParaProps { alignment: Some(Center), indent_start: None, indent_end: None, indent_first_line: None, indent_hanging: None, space_before: Some(Exact(Length { value: 0.0, _unit: PhantomData<loki_primitives::units::unit_types::Pt> })), space_after: Some(Exact(Length { value: 8.0, _unit: PhantomData<loki_primitives::units::unit_types::Pt> })), line_height: None, border_top: None, border_bottom: None, border_left: None, border_right: None, border_between: None, padding_top: None, padding_bottom: None, padding_left: None, padding_right: None, background_color: None, tab_stops: None, keep_together: None, keep_with_next: None, orphan_control: None, widow_control: None, page_break_before: None, page_break_after: None, column_break_after: None, list_id: None, list_level: None, outline_level: None, bidi: None, extensions: ExtensionBag { entries: [] } }), direct_char_props: None, inlines: [StyledRun(StyledRun { style_id: None, direct_props: Some(CharProps { font_name: Some("Calibri"), font_name_complex: Some("Calibri"), font_name_east_asian: Some("Calibri"), font_size: Some(Length { value: 20.0, _unit: PhantomData<loki_primitives::units::unit_types::Pt> }), font_size_complex: Some(Length { value: 20.0, _unit: PhantomData<loki_primitives::units::unit_types::Pt> }), bold: None, italic: None, underline: None, strikethrough: None, outline: None, shadow: None, small_caps: None, all_caps: None, vertical_align: None, color: Some(Rgb(RgbColor { r: 0.14509805, g: 0.3882353, b: 0.92156863 })), background_color: None, highlight_color: None, letter_spacing: None, word_spacing: None, kerning: None, scale: None, language: None, language_complex: None, language_east_asian: None, hyperlink: None, extensions: ExtensionBag { entries: [] } }), content: [Str("Cross-Platform Office Suite")], attr: NodeAttr { id: None, classes: [], kv: [], extensions: ExtensionBag { entries: [] } } })], attr: NodeAttr { id: None, classes: [], kv: [], extensions: ExtensionBag { entries: [] } } })
Block 2: StyledPara(StyledParagraph { style_id: None, direct_para_props: Some(ParaProps { alignment: Some(Center), indent_start: None, indent_end: None, indent_first_line: None, indent_hanging: None, space_before: Some(Exact(Length { value: 0.0, _unit: PhantomData<loki_primitives::units::unit_types::Pt> })), space_after: Some(Exact(Length { value: 20.0, _unit: PhantomData<loki_primitives::units::unit_types::Pt> })), line_height: None, border_top: None, border_bottom: None, border_left: None, border_right: None, border_between: None, padding_top: None, padding_bottom: None, padding_left: None, padding_right: None, background_color: None, tab_stops: None, keep_together: None, keep_with_next: None, orphan_control: None, widow_control: None, page_break_before: None, page_break_after: None, column_break_after: None, list_id: None, list_level: None, outline_level: None, bidi: None, extensions: ExtensionBag { entries: [] } }), direct_char_props: None, inlines: [StyledRun(StyledRun { style_id: None, direct_props: Some(CharProps { font_name: Some("Calibri"), font_name_complex: Some("Calibri"), font_name_east_asian: Some("Calibri"), font_size: Some(Length { value: 16.0, _unit: PhantomData<loki_primitives::units::unit_types::Pt> }), font_size_complex: Some(Length { value: 16.0, _unit: PhantomData<loki_primitives::units::unit_types::Pt> }), bold: None, italic: Some(true), underline: None, strikethrough: None, outline: None, shadow: None, small_caps: None, all_caps: None, vertical_align: None, color: Some(Rgb(RgbColor { r: 0.5803922, g: 0.6392157, b: 0.72156864 })), background_color: None, highlight_color: None, letter_spacing: None, word_spacing: None, kerning: None, scale: None, language: None, language_complex: None, language_east_asian: None, hyperlink: None, extensions: ExtensionBag { entries: [] } }), content: [Str("Architecture Design Document")], attr: NodeAttr { id: None, classes: [], kv: [], extensions: ExtensionBag { entries: [] } } })], attr: NodeAttr { id: None, classes: [], kv: [], extensions: ExtensionBag { entries: [] } } })
Block 3: Table(Table { attr: NodeAttr { id: None, classes: [], kv: [], extensions: ExtensionBag { entries: [] } }, caption: TableCaption { short: None, full: [] }, width: Some(Fixed(200.0)), col_specs: [ColSpec { alignment: Default, width: Fixed(Length { value: 200.0, _unit: PhantomData<loki_primitives::units::unit_types::Pt> }) }], head: TableHead { attr: NodeAttr { id: None, classes: [], kv: [], extensions: ExtensionBag { entries: [] } }, rows: [] }, bodies: [TableBody { attr: NodeAttr { id: None, classes: [], kv: [], extensions: ExtensionBag { entries: [] } }, head_rows: [], body_rows: [Row { attr: NodeAttr { id: None, classes: [], kv: [], extensions: ExtensionBag { entries: [] } }, cells: [Cell { attr: NodeAttr { id: None, classes: [], kv: [], extensions: ExtensionBag { entries: [] } }, alignment: Default, row_span: 1, col_span: 1, blocks: [StyledPara(StyledParagraph { style_id: None, direct_para_props: None, direct_char_props: None, inlines: [Str("")], attr: NodeAttr { id: None, classes: [], kv: [], extensions: ExtensionBag { entries: [] } } })], props: CellProps { background_color: Some(Rgb(RgbColor { r: 0.14509805, g: 0.3882353, b: 0.92156863 })), border_top: Some(Border { style: None, width: Length { value: 1.0, _unit: PhantomData<loki_primitives::units::unit_types::Pt> }, color: None, spacing: None }), border_bottom: Some(Border { style: None, width: Length { value: 1.0, _unit: PhantomData<loki_primitives::units::unit_types::Pt> }, color: None, spacing: None }), border_left: Some(Border { style: None, width: Length { value: 1.0, _unit: PhantomData<loki_primitives::units::unit_types::Pt> }, color: None, spacing: None }), border_right: Some(Border { style: None, width: Length { value: 1.0, _unit: PhantomData<loki_primitives::units::unit_types::Pt> }, color: None, spacing: None }), padding_top: Some(Length { value: 1.0, _unit: PhantomData<loki_primitives::units::unit_types::Pt> }), padding_bottom: Some(Length { value: 1.0, _unit: PhantomData<loki_primitives::units::unit_types::Pt> }), padding_left: Some(Length { value: 1.0, _unit: PhantomData<loki_primitives::units::unit_types::Pt> }), padding_right: Some(Length { value: 1.0, _unit: PhantomData<loki_primitives::units::unit_types::Pt> }), vertical_align: None, text_direction: None } }] }] }], foot: TableFoot { attr: NodeAttr { id: None, classes: [], kv: [], extensions: ExtensionBag { entries: [] } }, rows: [] } })
Block 4: StyledPara(StyledParagraph { style_id: None, direct_para_props: Some(ParaProps { alignment: None, indent_start: None, indent_end: None, indent_first_line: None, indent_hanging: None, space_before: Some(Exact(Length { value: 0.0, _unit: PhantomData<loki_primitives::units::unit_types::Pt> })), space_after: Some(Exact(Length { value: 12.0, _unit: PhantomData<loki_primitives::units::unit_types::Pt> })), line_height: None, border_top: None, border_bottom: None, border_left: None, border_right: None, border_between: None, padding_top: None, padding_bottom: None, padding_left: None, padding_right: None, background_color: None, tab_stops: None, keep_together: None, keep_with_next: None, orphan_control: None, widow_control: None, page_break_before: None, page_break_after: None, column_break_after: None, list_id: None, list_level: None, outline_level: None, bidi: None, extensions: ExtensionBag { entries: [] } }), direct_char_props: None, inlines: [Str("")], attr: NodeAttr { id: None, classes: [], kv: [], extensions: ExtensionBag { entries: [] } } })
Block 5: StyledPara(StyledParagraph { style_id: None, direct_para_props: Some(ParaProps { alignment: Some(Center), indent_start: None, indent_end: None, indent_first_line: None, indent_hanging: None, space_before: Some(Exact(Length { value: 0.0, _unit: PhantomData<loki_primitives::units::unit_types::Pt> })), space_after: Some(Exact(Length { value: 4.0, _unit: PhantomData<loki_primitives::units::unit_types::Pt> })), line_height: None, border_top: None, border_bottom: None, border_left: None, border_right: None, border_between: None, padding_top: None, padding_bottom: None, padding_left: None, padding_right: None, background_color: None, tab_stops: None, keep_together: None, keep_with_next: None, orphan_control: None, widow_control: None, page_break_before: None, page_break_after: None, column_break_after: None, list_id: None, list_level: None, outline_level: None, bidi: None, extensions: ExtensionBag { entries: [] } }), direct_char_props: None, inlines: [StyledRun(StyledRun { style_id: None, direct_props: Some(CharProps { font_name: Some("Calibri"), font_name_complex: Some("Calibri"), font_name_east_asian: Some("Calibri"), font_size: Some(Length { value: 11.0, _unit: PhantomData<loki_primitives::units::unit_types::Pt> }), font_size_complex: Some(Length { value: 11.0, _unit: PhantomData<loki_primitives::units::unit_types::Pt> }), bold: None, italic: None, underline: None, strikethrough: None, outline: None, shadow: None, small_caps: None, all_caps: None, vertical_align: None, color: Some(Rgb(RgbColor { r: 0.5803922, g: 0.6392157, b: 0.72156864 })), background_color: None, highlight_color: None, letter_spacing: None, word_spacing: None, kerning: None, scale: None, language: None, language_complex: None, language_east_asian: None, hyperlink: None, extensions: ExtensionBag { entries: [] } }), content: [Str("Version 1.0  ·  2025")], attr: NodeAttr { id: None, classes: [], kv: [], extensions: ExtensionBag { entries: [] } } })], attr: NodeAttr { id: None, classes: [], kv: [], extensions: ExtensionBag { entries: [] } } })
Block 6: StyledPara(StyledParagraph { style_id: None, direct_para_props: Some(ParaProps { alignment: Some(Center), indent_start: None, indent_end: None, indent_first_line: None, indent_hanging: None, space_before: Some(Exact(Length { value: 0.0, _unit: PhantomData<loki_primitives::units::unit_types::Pt> })), space_after: Some(Exact(Length { value: 4.0, _unit: PhantomData<loki_primitives::units::unit_types::Pt> })), line_height: None, border_top: None, border_bottom: None, border_left: None, border_right: None, border_between: None, padding_top: None, padding_bottom: None, padding_left: None, padding_right: None, background_color: None, tab_stops: None, keep_together: None, keep_with_next: None, orphan_control: None, widow_control: None, page_break_before: None, page_break_after: None, column_break_after: None, list_id: None, list_level: None, outline_level: None, bidi: None, extensions: ExtensionBag { entries: [] } }), direct_char_props: None, inlines: [StyledRun(StyledRun { style_id: None, direct_props: Some(CharProps { font_name: Some("Calibri"), font_name_complex: Some("Calibri"), font_name_east_asian: Some("Calibri"), font_size: Some(Length { value: 11.0, _unit: PhantomData<loki_primitives::units::unit_types::Pt> }), font_size_complex: Some(Length { value: 11.0, _unit: PhantomData<loki_primitives::units::unit_types::Pt> }), bold: None, italic: None, underline: None, strikethrough: None, outline: None, shadow: None, small_caps: None, all_caps: None, vertical_align: None, color: Some(Rgb(RgbColor { r: 0.5803922, g: 0.6392157, b: 0.72156864 })), background_color: None, highlight_color: None, letter_spacing: None, word_spacing: None, kerning: None, scale: None, language: None, language_complex: None, language_east_asian: None, hyperlink: None, extensions: ExtensionBag { entries: [] } }), content: [Str(".NET · Avalonia UI · Skia · ODF · OOXML")], attr: NodeAttr { id: None, classes: [], kv: [], extensions: ExtensionBag { entries: [] } } })], attr: NodeAttr { id: None, classes: [], kv: [], extensions: ExtensionBag { entries: [] } } })
Block 7: StyledPara(StyledParagraph { style_id: None, direct_para_props: Some(ParaProps { alignment: None, indent_start: None, indent_end: None, indent_first_line: None, indent_hanging: None, space_before: None, space_after: None, line_height: None, border_top: None, border_bottom: None, border_left: None, border_right: None, border_between: None, padding_top: None, padding_bottom: None, padding_left: None, padding_right: None, background_color: None, tab_stops: None, keep_together: None, keep_with_next: None, orphan_control: None, widow_control: None, page_break_before: None, page_break_after: Some(true), column_break_after: None, list_id: None, list_level: None, outline_level: None, bidi: None, extensions: ExtensionBag { entries: [] } }), direct_char_props: None, inlines: [], attr: NodeAttr { id: None, classes: [], kv: [], extensions: ExtensionBag { entries: [] } } })
Block 8: Heading(1, NodeAttr { id: None, classes: [], kv: [], extensions: ExtensionBag { entries: [] } }, [Bookmark(Start, "TOC"), StyledRun(StyledRun { style_id: None, direct_props: Some(CharProps { font_name: Some("Calibri"), font_name_complex: Some("Calibri"), font_name_east_asian: Some("Calibri"), font_size: Some(Length { value: 18.0, _unit: PhantomData<loki_primitives::units::unit_types::Pt> }), font_size_complex: Some(Length { value: 18.0, _unit: PhantomData<loki_primitives::units::unit_types::Pt> }), bold: Some(true), italic: None, underline: None, strikethrough: None, outline: None, shadow: None, small_caps: None, all_caps: None, vertical_align: None, color: Some(Rgb(RgbColor { r: 0.105882354, g: 0.16470589, b: 0.2901961 })), background_color: None, highlight_color: None, letter_spacing: None, word_spacing: None, kerning: None, scale: None, language: None, language_complex: None, language_east_asian: None, hyperlink: None, extensions: ExtensionBag { entries: [] } }), content: [Str("Table of Contents")], attr: NodeAttr { id: None, classes: [], kv: [], extensions: ExtensionBag { entries: [] } } }), Bookmark(End, "TOC")])
Block 9: StyledPara(StyledParagraph { style_id: None, direct_para_props: Some(ParaProps { alignment: None, indent_start: None, indent_end: None, indent_first_line: None, indent_hanging: None, space_before: None, space_after: None, line_height: None, border_top: None, border_bottom: None, border_left: None, border_right: None, border_between: None, padding_top: None, padding_bottom: None, padding_left: None, padding_right: None, background_color: None, tab_stops: None, keep_together: None, keep_with_next: None, orphan_control: None, widow_control: None, page_break_before: None, page_break_after: Some(true), column_break_after: None, list_id: None, list_level: None, outline_level: None, bidi: None, extensions: ExtensionBag { entries: [] } }), direct_char_props: None, inlines: [], attr: NodeAttr { id: None, classes: [], kv: [], extensions: ExtensionBag { entries: [] } } })
Block 10: Heading(1, NodeAttr { id: None, classes: [], kv: [], extensions: ExtensionBag { entries: [] } }, [Bookmark(Start, "exec_summary"), StyledRun(StyledRun { style_id: None, direct_props: Some(CharProps { font_name: Some("Calibri"), font_name_complex: Some("Calibri"), font_name_east_asian: Some("Calibri"), font_size: Some(Length { value: 18.0, _unit: PhantomData<loki_primitives::units::unit_types::Pt> }), font_size_complex: Some(Length { value: 18.0, _unit: PhantomData<loki_primitives::units::unit_types::Pt> }), bold: Some(true), italic: None, underline: None, strikethrough: None, outline: None, shadow: None, small_caps: None, all_caps: None, vertical_align: None, color: Some(Rgb(RgbColor { r: 0.105882354, g: 0.16470589, b: 0.2901961 })), background_color: None, highlight_color: None, letter_spacing: None, word_spacing: None, kerning: None, scale: None, language: None, language_complex: None, language_east_asian: None, hyperlink: None, extensions: ExtensionBag { entries: [] } }), content: [Str("1. Executive Summary")], attr: NodeAttr { id: None, classes: [], kv: [], extensions: ExtensionBag { entries: [] } } }), Bookmark(End, "exec_summary")])
Block 11: StyledPara(StyledParagraph { style_id: None, direct_para_props: Some(ParaProps { alignment: None, indent_start: None, indent_end: None, indent_first_line: None, indent_hanging: None, space_before: Some(Exact(Length { value: 3.0, _unit: PhantomData<loki_primitives::units::unit_types::Pt> })), space_after: Some(Exact(Length { value: 5.0, _unit: PhantomData<loki_primitives::units::unit_types::Pt> })), line_height: None, border_top: None, border_bottom: None, border_left: None, border_right: None, border_between: None, padding_top: None, padding_bottom: None, padding_left: None, padding_right: None, background_color: None, tab_stops: None, keep_together: None, keep_with_next: None, orphan_control: None, widow_control: None, page_break_before: None, page_break_after: None, column_break_after: None, list_id: None, list_level: None, outline_level: None, bidi: None, extensions: ExtensionBag { entries: [] } }), direct_char_props: None, inlines: [StyledRun(StyledRun { style_id: None, direct_props: Some(CharProps { font_name: Some("Calibri"), font_name_complex: Some("Calibri"), font_name_east_asian: Some("Calibri"), font_size: Some(Length { value: 11.0, _unit: PhantomData<loki_primitives::units::unit_types::Pt> }), font_size_complex: Some(Length { value: 11.0, _unit: PhantomData<loki_primitives::units::unit_types::Pt> }), bold: None, italic: None, underline: None, strikethrough: None, outline: None, shadow: None, small_caps: None, all_caps: None, vertical_align: None, color: Some(Rgb(RgbColor { r: 0.05882353, g: 0.09019608, b: 0.16470589 })), background_color: None, highlight_color: None, letter_spacing: None, word_spacing: None, kerning: None, scale: None, language: None, language_complex: None, language_east_asian: None, hyperlink: None, extensions: ExtensionBag { entries: [] } }), content: [Str("AppThere Loki is a fully cross-platform, open-format office suite built on .NET and Avalonia UI. It targets Windows, macOS, Linux, Android, and iOS from a single codebase, delivering a desktop-class experience on tablets with keyboards while remaining fully usable on phones and in constrained tiling-window-manager tiles.")], attr: NodeAttr { id: None, classes: [], kv: [], extensions: ExtensionBag { entries: [] } } })], attr: NodeAttr { id: None, classes: [], kv: [], extensions: ExtensionBag { entries: [] } } })
Block 12: StyledPara(StyledParagraph { style_id: None, direct_para_props: Some(ParaProps { alignment: None, indent_start: None, indent_end: None, indent_first_line: None, indent_hanging: None, space_before: Some(Exact(Length { value: 0.0, _unit: PhantomData<loki_primitives::units::unit_types::Pt> })), space_after: Some(Exact(Length { value: 6.0, _unit: PhantomData<loki_primitives::units::unit_types::Pt> })), line_height: None, border_top: None, border_bottom: None, border_left: None, border_right: None, border_between: None, padding_top: None, padding_bottom: None, padding_left: None, padding_right: None, background_color: None, tab_stops: None, keep_together: None, keep_with_next: None, orphan_control: None, widow_control: None, page_break_before: None, page_break_after: None, column_break_after: None, list_id: None, list_level: None, outline_level: None, bidi: None, extensions: ExtensionBag { entries: [] } }), direct_char_props: None, inlines: [Str("")], attr: NodeAttr { id: None, classes: [], kv: [], extensions: ExtensionBag { entries: [] } } })
Block 13: StyledPara(StyledParagraph { style_id: None, direct_para_props: Some(ParaProps { alignment: None, indent_start: None, indent_end: None, indent_first_line: None, indent_hanging: None, space_before: Some(Exact(Length { value: 3.0, _unit: PhantomData<loki_primitives::units::unit_types::Pt> })), space_after: Some(Exact(Length { value: 5.0, _unit: PhantomData<loki_primitives::units::unit_types::Pt> })), line_height: None, border_top: None, border_bottom: None, border_left: None, border_right: None, border_between: None, padding_top: None, padding_bottom: None, padding_left: None, padding_right: None, background_color: None, tab_stops: None, keep_together: None, keep_with_next: None, orphan_control: None, widow_control: None, page_break_before: None, page_break_after: None, column_break_after: None, list_id: None, list_level: None, outline_level: None, bidi: None, extensions: ExtensionBag { entries: [] } }), direct_char_props: None, inlines: [StyledRun(StyledRun { style_id: None, direct_props: Some(CharProps { font_name: Some("Calibri"), font_name_complex: Some("Calibri"), font_name_east_asian: Some("Calibri"), font_size: Some(Length { value: 11.0, _unit: PhantomData<loki_primitives::units::unit_types::Pt> }), font_size_complex: Some(Length { value: 11.0, _unit: PhantomData<loki_primitives::units::unit_types::Pt> }), bold: None, italic: None, underline: None, strikethrough: None, outline: None, shadow: None, small_caps: None, all_caps: None, vertical_align: None, color: Some(Rgb(RgbColor { r: 0.05882353, g: 0.09019608, b: 0.16470589 })), background_color: None, highlight_color: None, letter_spacing: None, word_spacing: None, kerning: None, scale: None, language: None, language_complex: None, language_east_asian: None, hyperlink: None, extensions: ExtensionBag { entries: [] } }), content: [Str("The suite provides four first-class document types: rich-text word processing, spreadsheets, vector drawings, and slide-deck presentations. All four share a common Skia rendering pipeline that is used identically for on-screen display, headless printing, and PDF/EPUB export.")], attr: NodeAttr { id: None, classes: [], kv: [], extensions: ExtensionBag { entries: [] } } })], attr: NodeAttr { id: None, classes: [], kv: [], extensions: ExtensionBag { entries: [] } } })
Block 14: StyledPara(StyledParagraph { style_id: None, direct_para_props: Some(ParaProps { alignment: None, indent_start: None, indent_end: None, indent_first_line: None, indent_hanging: None, space_before: Some(Exact(Length { value: 0.0, _unit: PhantomData<loki_primitives::units::unit_types::Pt> })), space_after: Some(Exact(Length { value: 6.0, _unit: PhantomData<loki_primitives::units::unit_types::Pt> })), line_height: None, border_top: None, border_bottom: None, border_left: None, border_right: None, border_between: None, padding_top: None, padding_bottom: None, padding_left: None, padding_right: None, background_color: None, tab_stops: None, keep_together: None, keep_with_next: None, orphan_control: None, widow_control: None, page_break_before: None, page_break_after: None, column_break_after: None, list_id: None, list_level: None, outline_level: None, bidi: None, extensions: ExtensionBag { entries: [] } }), direct_char_props: None, inlines: [Str("")], attr: NodeAttr { id: None, classes: [], kv: [], extensions: ExtensionBag { entries: [] } } })
Block 15: Table(Table { attr: NodeAttr { id: None, classes: [], kv: [], extensions: ExtensionBag { entries: [] } }, caption: TableCaption { short: None, full: [] }, width: Some(Fixed(468.0)), col_specs: [ColSpec { alignment: Default, width: Fixed(Length { value: 468.0, _unit: PhantomData<loki_primitives::units::unit_types::Pt> }) }], head: TableHead { attr: NodeAttr { id: None, classes: [], kv: [], extensions: ExtensionBag { entries: [] } }, rows: [] }, bodies: [TableBody { attr: NodeAttr { id: None, classes: [], kv: [], extensions: ExtensionBag { entries: [] } }, head_rows: [], body_rows: [Row { attr: NodeAttr { id: None, classes: [], kv: [], extensions: ExtensionBag { entries: [] } }, cells: [Cell { attr: NodeAttr { id: None, classes: [], kv: [], extensions: ExtensionBag { entries: [] } }, alignment: Default, row_span: 1, col_span: 1, blocks: [StyledPara(StyledParagraph { style_id: None, direct_para_props: Some(ParaProps { alignment: None, indent_start: None, indent_end: None, indent_first_line: None, indent_hanging: None, space_before: None, space_after: Some(Exact(Length { value: 3.0, _unit: PhantomData<loki_primitives::units::unit_types::Pt> })), line_height: None, border_top: None, border_bottom: None, border_left: None, border_right: None, border_between: None, padding_top: None, padding_bottom: None, padding_left: None, padding_right: None, background_color: None, tab_stops: None, keep_together: None, keep_with_next: None, orphan_control: None, widow_control: None, page_break_before: None, page_break_after: None, column_break_after: None, list_id: None, list_level: None, outline_level: None, bidi: None, extensions: ExtensionBag { entries: [] } }), direct_char_props: None, inlines: [StyledRun(StyledRun { style_id: None, direct_props: Some(CharProps { font_name: Some("Calibri"), font_name_complex: Some("Calibri"), font_name_east_asian: Some("Calibri"), font_size: Some(Length { value: 11.0, _unit: PhantomData<loki_primitives::units::unit_types::Pt> }), font_size_complex: Some(Length { value: 11.0, _unit: PhantomData<loki_primitives::units::unit_types::Pt> }), bold: Some(true), italic: None, underline: None, strikethrough: None, outline: None, shadow: None, small_caps: None, all_caps: None, vertical_align: None, color: Some(Rgb(RgbColor { r: 0.105882354, g: 0.16470589, b: 0.2901961 })), background_color: None, highlight_color: None, letter_spacing: None, word_spacing: None, kerning: None, scale: None, language: None, language_complex: None, language_east_asian: None, hyperlink: None, extensions: ExtensionBag { entries: [] } }), content: [Str("Design Pillars")], attr: NodeAttr { id: None, classes: [], kv: [], extensions: ExtensionBag { entries: [] } } })], attr: NodeAttr { id: None, classes: [], kv: [], extensions: ExtensionBag { entries: [] } } }), StyledPara(StyledParagraph { style_id: None, direct_para_props: Some(ParaProps { alignment: None, indent_start: None, indent_end: None, indent_first_line: None, indent_hanging: None, space_before: Some(Exact(Length { value: 0.0, _unit: PhantomData<loki_primitives::units::unit_types::Pt> })), space_after: Some(Exact(Length { value: 0.0, _unit: PhantomData<loki_primitives::units::unit_types::Pt> })), line_height: None, border_top: None, border_bottom: None, border_left: None, border_right: None, border_between: None, padding_top: None, padding_bottom: None, padding_left: None, padding_right: None, background_color: None, tab_stops: None, keep_together: None, keep_with_next: None, orphan_control: None, widow_control: None, page_break_before: None, page_break_after: None, column_break_after: None, list_id: None, list_level: None, outline_level: None, bidi: None, extensions: ExtensionBag { entries: [] } }), direct_char_props: None, inlines: [StyledRun(StyledRun { style_id: None, direct_props: Some(CharProps { font_name: Some("Calibri"), font_name_complex: Some("Calibri"), font_name_east_asian: Some("Calibri"), font_size: Some(Length { value: 10.5, _unit: PhantomData<loki_primitives::units::unit_types::Pt> }), font_size_complex: Some(Length { value: 10.5, _unit: PhantomData<loki_primitives::units::unit_types::Pt> }), bold: None, italic: None, underline: None, strikethrough: None, outline: None, shadow: None, small_caps: None, all_caps: None, vertical_align: None, color: Some(Rgb(RgbColor { r: 0.05882353, g: 0.09019608, b: 0.16470589 })), background_color: None, highlight_color: None, letter_spacing: None, word_spacing: None, kerning: None, scale: None, language: None, language_complex: None, language_east_asian: None, hyperlink: None, extensions: ExtensionBag { entries: [] } }), content: [Str("1) Modular, layered architecture with clean separation of concerns\n2) LibreOfficeKit-inspired interface layer (LokiKit) between engine and UI\n3) Tiled rendering for progressive, high-performance display and printing\n4) Responsive Design + Progressive Enhancement for every viewport\n5) Permissive OSS licensing (MIT/Apache-2.0) throughout")], attr: NodeAttr { id: None, classes: [], kv: [], extensions: ExtensionBag { entries: [] } } })], attr: NodeAttr { id: None, classes: [], kv: [], extensions: ExtensionBag { entries: [] } } })], props: CellProps { background_color: Some(Rgb(RgbColor { r: 0.94509804, g: 0.9607843, b: 0.9764706 })), border_top: Some(Border { style: Solid, width: Length { value: 0.125, _unit: PhantomData<loki_primitives::units::unit_types::Pt> }, color: Some(Rgb(RgbColor { r: 0.105882354, g: 0.16470589, b: 0.2901961 })), spacing: None }), border_bottom: Some(Border { style: Solid, width: Length { value: 0.125, _unit: PhantomData<loki_primitives::units::unit_types::Pt> }, color: Some(Rgb(RgbColor { r: 0.105882354, g: 0.16470589, b: 0.2901961 })), spacing: None }), border_left: Some(Border { style: Solid, width: Length { value: 1.5, _unit: PhantomData<loki_primitives::units::unit_types::Pt> }, color: Some(Rgb(RgbColor { r: 0.105882354, g: 0.16470589, b: 0.2901961 })), spacing: None }), border_right: Some(Border { style: Solid, width: Length { value: 0.125, _unit: PhantomData<loki_primitives::units::unit_types::Pt> }, color: Some(Rgb(RgbColor { r: 0.105882354, g: 0.16470589, b: 0.2901961 })), spacing: None }), padding_top: Some(Length { value: 6.0, _unit: PhantomData<loki_primitives::units::unit_types::Pt> }), padding_bottom: Some(Length { value: 6.0, _unit: PhantomData<loki_primitives::units::unit_types::Pt> }), padding_left: Some(Length { value: 12.0, _unit: PhantomData<loki_primitives::units::unit_types::Pt> }), padding_right: Some(Length { value: 12.0, _unit: PhantomData<loki_primitives::units::unit_types::Pt> }), vertical_align: None, text_direction: None } }] }] }], foot: TableFoot { attr: NodeAttr { id: None, classes: [], kv: [], extensions: ExtensionBag { entries: [] } }, rows: [] } })
Block 16: StyledPara(StyledParagraph { style_id: None, direct_para_props: Some(ParaProps { alignment: None, indent_start: None, indent_end: None, indent_first_line: None, indent_hanging: None, space_before: None, space_after: None, line_height: None, border_top: None, border_bottom: None, border_left: None, border_right: None, border_between: None, padding_top: None, padding_bottom: None, padding_left: None, padding_right: None, background_color: None, tab_stops: None, keep_together: None, keep_with_next: None, orphan_control: None, widow_control: None, page_break_before: None, page_break_after: Some(true), column_break_after: None, list_id: None, list_level: None, outline_level: None, bidi: None, extensions: ExtensionBag { entries: [] } }), direct_char_props: None, inlines: [], attr: NodeAttr { id: None, classes: [], kv: [], extensions: ExtensionBag { entries: [] } } })
Block 17: Heading(1, NodeAttr { id: None, classes: [], kv: [], extensions: ExtensionBag { entries: [] } }, [Bookmark(Start, "goals"), StyledRun(StyledRun { style_id: None, direct_props: Some(CharProps { font_name: Some("Calibri"), font_name_complex: Some("Calibri"), font_name_east_asian: Some("Calibri"), font_size: Some(Length { value: 18.0, _unit: PhantomData<loki_primitives::units::unit_types::Pt> }), font_size_complex: Some(Length { value: 18.0, _unit: PhantomData<loki_primitives::units::unit_types::Pt> }), bold: Some(true), italic: None, underline: None, strikethrough: None, outline: None, shadow: None, small_caps: None, all_caps: None, vertical_align: None, color: Some(Rgb(RgbColor { r: 0.105882354, g: 0.16470589, b: 0.2901961 })), background_color: None, highlight_color: None, letter_spacing: None, word_spacing: None, kerning: None, scale: None, language: None, language_complex: None, language_east_asian: None, hyperlink: None, extensions: ExtensionBag { entries: [] } }), content: [Str("2. Goals & Non-Goals")], attr: NodeAttr { id: None, classes: [], kv: [], extensions: ExtensionBag { entries: [] } } }), Bookmark(End, "goals")])
Block 18: Heading(2, NodeAttr { id: None, classes: [], kv: [], extensions: ExtensionBag { entries: [] } }, [Bookmark(Start, "goals_in"), StyledRun(StyledRun { style_id: None, direct_props: Some(CharProps { font_name: Some("Calibri"), font_name_complex: Some("Calibri"), font_name_east_asian: Some("Calibri"), font_size: Some(Length { value: 14.0, _unit: PhantomData<loki_primitives::units::unit_types::Pt> }), font_size_complex: Some(Length { value: 14.0, _unit: PhantomData<loki_primitives::units::unit_types::Pt> }), bold: Some(true), italic: None, underline: None, strikethrough: None, outline: None, shadow: None, small_caps: None, all_caps: None, vertical_align: None, color: Some(Rgb(RgbColor { r: 0.14509805, g: 0.3882353, b: 0.92156863 })), background_color: None, highlight_color: None, letter_spacing: None, word_spacing: None, kerning: None, scale: None, language: None, language_complex: None, language_east_asian: None, hyperlink: None, extensions: ExtensionBag { entries: [] } }), content: [Str("2.1 Goals")], attr: NodeAttr { id: None, classes: [], kv: [], extensions: ExtensionBag { entries: [] } } }), Bookmark(End, "goals_in")])
Block 19: StyledPara(StyledParagraph { style_id: Some(StyleId("ListParagraph")), direct_para_props: Some(ParaProps { alignment: None, indent_start: None, indent_end: None, indent_first_line: None, indent_hanging: None, space_before: Some(Exact(Length { value: 2.0, _unit: PhantomData<loki_primitives::units::unit_types::Pt> })), space_after: Some(Exact(Length { value: 2.0, _unit: PhantomData<loki_primitives::units::unit_types::Pt> })), line_height: None, border_top: None, border_bottom: None, border_left: None, border_right: None, border_between: None, padding_top: None, padding_bottom: None, padding_left: None, padding_right: None, background_color: None, tab_stops: None, keep_together: None, keep_with_next: None, orphan_control: None, widow_control: None, page_break_before: None, page_break_after: None, column_break_after: None, list_id: Some(ListId("2")), list_level: Some(0), outline_level: None, bidi: None, extensions: ExtensionBag { entries: [] } }), direct_char_props: None, inlines: [StyledRun(StyledRun { style_id: None, direct_props: Some(CharProps { font_name: Some("Calibri"), font_name_complex: Some("Calibri"), font_name_east_asian: Some("Calibri"), font_size: Some(Length { value: 11.0, _unit: PhantomData<loki_primitives::units::unit_types::Pt> }), font_size_complex: Some(Length { value: 11.0, _unit: PhantomData<loki_primitives::units::unit_types::Pt> }), bold: None, italic: None, underline: None, strikethrough: None, outline: None, shadow: None, small_caps: None, all_caps: None, vertical_align: None, color: Some(Rgb(RgbColor { r: 0.05882353, g: 0.09019608, b: 0.16470589 })), background_color: None, highlight_color: None, letter_spacing: None, word_spacing: None, kerning: None, scale: None, language: None, language_complex: None, language_east_asian: None, hyperlink: None, extensions: ExtensionBag { entries: [] } }), content: [Str("Full read/write fidelity for ODF (ODT, ODS, ODP, ODG) and OOXML (DOCX, XLSX, PPTX, VSDX)")], attr: NodeAttr { id: None, classes: [], kv: [], extensions: ExtensionBag { entries: [] } } })], attr: NodeAttr { id: None, classes: [], kv: [], extensions: ExtensionBag { entries: [] } } })
Block 20: StyledPara(StyledParagraph { style_id: Some(StyleId("ListParagraph")), direct_para_props: Some(ParaProps { alignment: None, indent_start: None, indent_end: None, indent_first_line: None, indent_hanging: None, space_before: Some(Exact(Length { value: 2.0, _unit: PhantomData<loki_primitives::units::unit_types::Pt> })), space_after: Some(Exact(Length { value: 2.0, _unit: PhantomData<loki_primitives::units::unit_types::Pt> })), line_height: None, border_top: None, border_bottom: None, border_left: None, border_right: None, border_between: None, padding_top: None, padding_bottom: None, padding_left: None, padding_right: None, background_color: None, tab_stops: None, keep_together: None, keep_with_next: None, orphan_control: None, widow_control: None, page_break_before: None, page_break_after: None, column_break_after: None, list_id: Some(ListId("2")), list_level: Some(0), outline_level: None, bidi: None, extensions: ExtensionBag { entries: [] } }), direct_char_props: None, inlines: [StyledRun(StyledRun { style_id: None, direct_props: Some(CharProps { font_name: Some("Calibri"), font_name_complex: Some("Calibri"), font_name_east_asian: Some("Calibri"), font_size: Some(Length { value: 11.0, _unit: PhantomData<loki_primitives::units::unit_types::Pt> }), font_size_complex: Some(Length { value: 11.0, _unit: PhantomData<loki_primitives::units::unit_types::Pt> }), bold: None, italic: None, underline: None, strikethrough: None, outline: None, shadow: None, small_caps: None, all_caps: None, vertical_align: None, color: Some(Rgb(RgbColor { r: 0.05882353, g: 0.09019608, b: 0.16470589 })), background_color: None, highlight_color: None, letter_spacing: None, word_spacing: None, kerning: None, scale: None, language: None, language_complex: None, language_east_asian: None, hyperlink: None, extensions: ExtensionBag { entries: [] } }), content: [Str("Export to PDF/A-2b and EPUB 3 from all document types")], attr: NodeAttr { id: None, classes: [], kv: [], extensions: ExtensionBag { entries: [] } } })], attr: NodeAttr { id: None, classes: [], kv: [], extensions: ExtensionBag { entries: [] } } })
Block 21: StyledPara(StyledParagraph { style_id: Some(StyleId("ListParagraph")), direct_para_props: Some(ParaProps { alignment: None, indent_start: None, indent_end: None, indent_first_line: None, indent_hanging: None, space_before: Some(Exact(Length { value: 2.0, _unit: PhantomData<loki_primitives::units::unit_types::Pt> })), space_after: Some(Exact(Length { value: 2.0, _unit: PhantomData<loki_primitives::units::unit_types::Pt> })), line_height: None, border_top: None, border_bottom: None, border_left: None, border_right: None, border_between: None, padding_top: None, padding_bottom: None, padding_left: None, padding_right: None, background_color: None, tab_stops: None, keep_together: None, keep_with_next: None, orphan_control: None, widow_control: None, page_break_before: None, page_break_after: None, column_break_after: None, list_id: Some(ListId("2")), list_level: Some(0), outline_level: None, bidi: None, extensions: ExtensionBag { entries: [] } }), direct_char_props: None, inlines: [StyledRun(StyledRun { style_id: None, direct_props: Some(CharProps { font_name: Some("Calibri"), font_name_complex: Some("Calibri"), font_name_east_asian: Some("Calibri"), font_size: Some(Length { value: 11.0, _unit: PhantomData<loki_primitives::units::unit_types::Pt> }), font_size_complex: Some(Length { value: 11.0, _unit: PhantomData<loki_primitives::units::unit_types::Pt> }), bold: None, italic: None, underline: None, strikethrough: None, outline: None, shadow: None, small_caps: None, all_caps: None, vertical_align: None, color: Some(Rgb(RgbColor { r: 0.05882353, g: 0.09019608, b: 0.16470589 })), background_color: None, highlight_color: None, letter_spacing: None, word_spacing: None, kerning: None, scale: None, language: None, language_complex: None, language_east_asian: None, hyperlink: None, extensions: ExtensionBag { entries: [] } }), content: [Str("Read/write support for Markdown (CommonMark + GFM), CSV, SVG, and Mermaid")], attr: NodeAttr { id: None, classes: [], kv: [], extensions: ExtensionBag { entries: [] } } })], attr: NodeAttr { id: None, classes: [], kv: [], extensions: ExtensionBag { entries: [] } } })
Block 22: StyledPara(StyledParagraph { style_id: Some(StyleId("ListParagraph")), direct_para_props: Some(ParaProps { alignment: None, indent_start: None, indent_end: None, indent_first_line: None, indent_hanging: None, space_before: Some(Exact(Length { value: 2.0, _unit: PhantomData<loki_primitives::units::unit_types::Pt> })), space_after: Some(Exact(Length { value: 2.0, _unit: PhantomData<loki_primitives::units::unit_types::Pt> })), line_height: None, border_top: None, border_bottom: None, border_left: None, border_right: None, border_between: None, padding_top: None, padding_bottom: None, padding_left: None, padding_right: None, background_color: None, tab_stops: None, keep_together: None, keep_with_next: None, orphan_control: None, widow_control: None, page_break_before: None, page_break_after: None, column_break_after: None, list_id: Some(ListId("2")), list_level: Some(0), outline_level: None, bidi: None, extensions: ExtensionBag { entries: [] } }), direct_char_props: None, inlines: [StyledRun(StyledRun { style_id: None, direct_props: Some(CharProps { font_name: Some("Calibri"), font_name_complex: Some("Calibri"), font_name_east_asian: Some("Calibri"), font_size: Some(Length { value: 11.0, _unit: PhantomData<loki_primitives::units::unit_types::Pt> }), font_size_complex: Some(Length { value: 11.0, _unit: PhantomData<loki_primitives::units::unit_types::Pt> }), bold: None, italic: None, underline: None, strikethrough: None, outline: None, shadow: None, small_caps: None, all_caps: None, vertical_align: None, color: Some(Rgb(RgbColor { r: 0.05882353, g: 0.09019608, b: 0.16470589 })), background_color: None, highlight_color: None, letter_spacing: None, word_spacing: None, kerning: None, scale: None, language: None, language_complex: None, language_east_asian: None, hyperlink: None, extensions: ExtensionBag { entries: [] } }), content: [Str("Single shared Skia renderer for UI display, headless CLI printing, and PDF generation")], attr: NodeAttr { id: None, classes: [], kv: [], extensions: ExtensionBag { entries: [] } } })], attr: NodeAttr { id: None, classes: [], kv: [], extensions: ExtensionBag { entries: [] } } })
Block 23: StyledPara(StyledParagraph { style_id: Some(StyleId("ListParagraph")), direct_para_props: Some(ParaProps { alignment: None, indent_start: None, indent_end: None, indent_first_line: None, indent_hanging: None, space_before: Some(Exact(Length { value: 2.0, _unit: PhantomData<loki_primitives::units::unit_types::Pt> })), space_after: Some(Exact(Length { value: 2.0, _unit: PhantomData<loki_primitives::units::unit_types::Pt> })), line_height: None, border_top: None, border_bottom: None, border_left: None, border_right: None, border_between: None, padding_top: None, padding_bottom: None, padding_left: None, padding_right: None, background_color: None, tab_stops: None, keep_together: None, keep_with_next: None, orphan_control: None, widow_control: None, page_break_before: None, page_break_after: None, column_break_after: None, list_id: Some(ListId("2")), list_level: Some(0), outline_level: None, bidi: None, extensions: ExtensionBag { entries: [] } }), direct_char_props: None, inlines: [StyledRun(StyledRun { style_id: None, direct_props: Some(CharProps { font_name: Some("Calibri"), font_name_complex: Some("Calibri"), font_name_east_asian: Some("Calibri"), font_size: Some(Length { value: 11.0, _unit: PhantomData<loki_primitives::units::unit_types::Pt> }), font_size_complex: Some(Length { value: 11.0, _unit: PhantomData<loki_primitives::units::unit_types::Pt> }), bold: None, italic: None, underline: None, strikethrough: None, outline: None, shadow: None, small_caps: None, all_caps: None, vertical_align: None, color: Some(Rgb(RgbColor { r: 0.05882353, g: 0.09019608, b: 0.16470589 })), background_color: None, highlight_color: None, letter_spacing: None, word_spacing: None, kerning: None, scale: None, language: None, language_complex: None, language_east_asian: None, hyperlink: None, extensions: ExtensionBag { entries: [] } }), content: [Str("Responsive, adaptive UI: phone, tablet, desktop, and tiling-WM tile modes")], attr: NodeAttr { id: None, classes: [], kv: [], extensions: ExtensionBag { entries: [] } } })], attr: NodeAttr { id: None, classes: [], kv: [], extensions: ExtensionBag { entries: [] } } })
Block 24: StyledPara(StyledParagraph { style_id: Some(StyleId("ListParagraph")), direct_para_props: Some(ParaProps { alignment: None, indent_start: None, indent_end: None, indent_first_line: None, indent_hanging: None, space_before: Some(Exact(Length { value: 2.0, _unit: PhantomData<loki_primitives::units::unit_types::Pt> })), space_after: Some(Exact(Length { value: 2.0, _unit: PhantomData<loki_primitives::units::unit_types::Pt> })), line_height: None, border_top: None, border_bottom: None, border_left: None, border_right: None, border_between: None, padding_top: None, padding_bottom: None, padding_left: None, padding_right: None, background_color: None, tab_stops: None, keep_together: None, keep_with_next: None, orphan_control: None, widow_control: None, page_break_before: None, page_break_after: None, column_break_after: None, list_id: Some(ListId("2")), list_level: Some(0), outline_level: None, bidi: None, extensions: ExtensionBag { entries: [] } }), direct_char_props: None, inlines: [StyledRun(StyledRun { style_id: None, direct_props: Some(CharProps { font_name: Some("Calibri"), font_name_complex: Some("Calibri"), font_name_east_asian: Some("Calibri"), font_size: Some(Length { value: 11.0, _unit: PhantomData<loki_primitives::units::unit_types::Pt> }), font_size_complex: Some(Length { value: 11.0, _unit: PhantomData<loki_primitives::units::unit_types::Pt> }), bold: None, italic: None, underline: None, strikethrough: None, outline: None, shadow: None, small_caps: None, all_caps: None, vertical_align: None, color: Some(Rgb(RgbColor { r: 0.05882353, g: 0.09019608, b: 0.16470589 })), background_color: None, highlight_color: None, letter_spacing: None, word_spacing: None, kerning: None, scale: None, language: None, language_complex: None, language_east_asian: None, hyperlink: None, extensions: ExtensionBag { entries: [] } }), content: [Str("Tablet + keyboard experience indistinguishable from desktop")], attr: NodeAttr { id: None, classes: [], kv: [], extensions: ExtensionBag { entries: [] } } })], attr: NodeAttr { id: None, classes: [], kv: [], extensions: ExtensionBag { entries: [] } } })
Block 25: StyledPara(StyledParagraph { style_id: Some(StyleId("ListParagraph")), direct_para_props: Some(ParaProps { alignment: None, indent_start: None, indent_end: None, indent_first_line: None, indent_hanging: None, space_before: Some(Exact(Length { value: 2.0, _unit: PhantomData<loki_primitives::units::unit_types::Pt> })), space_after: Some(Exact(Length { value: 2.0, _unit: PhantomData<loki_primitives::units::unit_types::Pt> })), line_height: None, border_top: None, border_bottom: None, border_left: None, border_right: None, border_between: None, padding_top: None, padding_bottom: None, padding_left: None, padding_right: None, background_color: None, tab_stops: None, keep_together: None, keep_with_next: None, orphan_control: None, widow_control: None, page_break_before: None, page_break_after: None, column_break_after: None, list_id: Some(ListId("2")), list_level: Some(0), outline_level: None, bidi: None, extensions: ExtensionBag { entries: [] } }), direct_char_props: None, inlines: [StyledRun(StyledRun { style_id: None, direct_props: Some(CharProps { font_name: Some("Calibri"), font_name_complex: Some("Calibri"), font_name_east_asian: Some("Calibri"), font_size: Some(Length { value: 11.0, _unit: PhantomData<loki_primitives::units::unit_types::Pt> }), font_size_complex: Some(Length { value: 11.0, _unit: PhantomData<loki_primitives::units::unit_types::Pt> }), bold: None, italic: None, underline: None, strikethrough: None, outline: None, shadow: None, small_caps: None, all_caps: None, vertical_align: None, color: Some(Rgb(RgbColor { r: 0.05882353, g: 0.09019608, b: 0.16470589 })), background_color: None, highlight_color: None, letter_spacing: None, word_spacing: None, kerning: None, scale: None, language: None, language_complex: None, language_east_asian: None, hyperlink: None, extensions: ExtensionBag { entries: [] } }), content: [Str("Headless printing API accessible without launching any UI")], attr: NodeAttr { id: None, classes: [], kv: [], extensions: ExtensionBag { entries: [] } } })], attr: NodeAttr { id: None, classes: [], kv: [], extensions: ExtensionBag { entries: [] } } })
Block 26: StyledPara(StyledParagraph { style_id: Some(StyleId("ListParagraph")), direct_para_props: Some(ParaProps { alignment: None, indent_start: None, indent_end: None, indent_first_line: None, indent_hanging: None, space_before: Some(Exact(Length { value: 2.0, _unit: PhantomData<loki_primitives::units::unit_types::Pt> })), space_after: Some(Exact(Length { value: 2.0, _unit: PhantomData<loki_primitives::units::unit_types::Pt> })), line_height: None, border_top: None, border_bottom: None, border_left: None, border_right: None, border_between: None, padding_top: None, padding_bottom: None, padding_left: None, padding_right: None, background_color: None, tab_stops: None, keep_together: None, keep_with_next: None, orphan_control: None, widow_control: None, page_break_before: None, page_break_after: None, column_break_after: None, list_id: Some(ListId("2")), list_level: Some(0), outline_level: None, bidi: None, extensions: ExtensionBag { entries: [] } }), direct_char_props: None, inlines: [StyledRun(StyledRun { style_id: None, direct_props: Some(CharProps { font_name: Some("Calibri"), font_name_complex: Some("Calibri"), font_name_east_asian: Some("Calibri"), font_size: Some(Length { value: 11.0, _unit: PhantomData<loki_primitives::units::unit_types::Pt> }), font_size_complex: Some(Length { value: 11.0, _unit: PhantomData<loki_primitives::units::unit_types::Pt> }), bold: None, italic: None, underline: None, strikethrough: None, outline: None, shadow: None, small_caps: None, all_caps: None, vertical_align: None, color: Some(Rgb(RgbColor { r: 0.05882353, g: 0.09019608, b: 0.16470589 })), background_color: None, highlight_color: None, letter_spacing: None, word_spacing: None, kerning: None, scale: None, language: None, language_complex: None, language_east_asian: None, hyperlink: None, extensions: ExtensionBag { entries: [] } }), content: [Str("Plugin/extension architecture for future community modules")], attr: NodeAttr { id: None, classes: [], kv: [], extensions: ExtensionBag { entries: [] } } })], attr: NodeAttr { id: None, classes: [], kv: [], extensions: ExtensionBag { entries: [] } } })
Block 27: StyledPara(StyledParagraph { style_id: Some(StyleId("ListParagraph")), direct_para_props: Some(ParaProps { alignment: None, indent_start: None, indent_end: None, indent_first_line: None, indent_hanging: None, space_before: Some(Exact(Length { value: 2.0, _unit: PhantomData<loki_primitives::units::unit_types::Pt> })), space_after: Some(Exact(Length { value: 2.0, _unit: PhantomData<loki_primitives::units::unit_types::Pt> })), line_height: None, border_top: None, border_bottom: None, border_left: None, border_right: None, border_between: None, padding_top: None, padding_bottom: None, padding_left: None, padding_right: None, background_color: None, tab_stops: None, keep_together: None, keep_with_next: None, orphan_control: None, widow_control: None, page_break_before: None, page_break_after: None, column_break_after: None, list_id: Some(ListId("2")), list_level: Some(0), outline_level: None, bidi: None, extensions: ExtensionBag { entries: [] } }), direct_char_props: None, inlines: [StyledRun(StyledRun { style_id: None, direct_props: Some(CharProps { font_name: Some("Calibri"), font_name_complex: Some("Calibri"), font_name_east_asian: Some("Calibri"), font_size: Some(Length { value: 11.0, _unit: PhantomData<loki_primitives::units::unit_types::Pt> }), font_size_complex: Some(Length { value: 11.0, _unit: PhantomData<loki_primitives::units::unit_types::Pt> }), bold: None, italic: None, underline: None, strikethrough: None, outline: None, shadow: None, small_caps: None, all_caps: None, vertical_align: None, color: Some(Rgb(RgbColor { r: 0.05882353, g: 0.09019608, b: 0.16470589 })), background_color: None, highlight_color: None, letter_spacing: None, word_spacing: None, kerning: None, scale: None, language: None, language_complex: None, language_east_asian: None, hyperlink: None, extensions: ExtensionBag { entries: [] } }), content: [Str("Full accessibility: WCAG 2.2 AA, platform accessibility trees via Avalonia")], attr: NodeAttr { id: None, classes: [], kv: [], extensions: ExtensionBag { entries: [] } } })], attr: NodeAttr { id: None, classes: [], kv: [], extensions: ExtensionBag { entries: [] } } })
Block 28: StyledPara(StyledParagraph { style_id: Some(StyleId("ListParagraph")), direct_para_props: Some(ParaProps { alignment: None, indent_start: None, indent_end: None, indent_first_line: None, indent_hanging: None, space_before: Some(Exact(Length { value: 2.0, _unit: PhantomData<loki_primitives::units::unit_types::Pt> })), space_after: Some(Exact(Length { value: 2.0, _unit: PhantomData<loki_primitives::units::unit_types::Pt> })), line_height: None, border_top: None, border_bottom: None, border_left: None, border_right: None, border_between: None, padding_top: None, padding_bottom: None, padding_left: None, padding_right: None, background_color: None, tab_stops: None, keep_together: None, keep_with_next: None, orphan_control: None, widow_control: None, page_break_before: None, page_break_after: None, column_break_after: None, list_id: Some(ListId("2")), list_level: Some(0), outline_level: None, bidi: None, extensions: ExtensionBag { entries: [] } }), direct_char_props: None, inlines: [StyledRun(StyledRun { style_id: None, direct_props: Some(CharProps { font_name: Some("Calibri"), font_name_complex: Some("Calibri"), font_name_east_asian: Some("Calibri"), font_size: Some(Length { value: 11.0, _unit: PhantomData<loki_primitives::units::unit_types::Pt> }), font_size_complex: Some(Length { value: 11.0, _unit: PhantomData<loki_primitives::units::unit_types::Pt> }), bold: None, italic: None, underline: None, strikethrough: None, outline: None, shadow: None, small_caps: None, all_caps: None, vertical_align: None, color: Some(Rgb(RgbColor { r: 0.05882353, g: 0.09019608, b: 0.16470589 })), background_color: None, highlight_color: None, letter_spacing: None, word_spacing: None, kerning: None, scale: None, language: None, language_complex: None, language_east_asian: None, hyperlink: None, extensions: ExtensionBag { entries: [] } }), content: [Str("Internationalisation and RTL text layout")], attr: NodeAttr { id: None, classes: [], kv: [], extensions: ExtensionBag { entries: [] } } })], attr: NodeAttr { id: None, classes: [], kv: [], extensions: ExtensionBag { entries: [] } } })
Block 29: StyledPara(StyledParagraph { style_id: None, direct_para_props: Some(ParaProps { alignment: None, indent_start: None, indent_end: None, indent_first_line: None, indent_hanging: None, space_before: Some(Exact(Length { value: 0.0, _unit: PhantomData<loki_primitives::units::unit_types::Pt> })), space_after: Some(Exact(Length { value: 6.0, _unit: PhantomData<loki_primitives::units::unit_types::Pt> })), line_height: None, border_top: None, border_bottom: None, border_left: None, border_right: None, border_between: None, padding_top: None, padding_bottom: None, padding_left: None, padding_right: None, background_color: None, tab_stops: None, keep_together: None, keep_with_next: None, orphan_control: None, widow_control: None, page_break_before: None, page_break_after: None, column_break_after: None, list_id: None, list_level: None, outline_level: None, bidi: None, extensions: ExtensionBag { entries: [] } }), direct_char_props: None, inlines: [Str("")], attr: NodeAttr { id: None, classes: [], kv: [], extensions: ExtensionBag { entries: [] } } })
Block 30: Heading(2, NodeAttr { id: None, classes: [], kv: [], extensions: ExtensionBag { entries: [] } }, [Bookmark(Start, "non_goals"), StyledRun(StyledRun { style_id: None, direct_props: Some(CharProps { font_name: Some("Calibri"), font_name_complex: Some("Calibri"), font_name_east_asian: Some("Calibri"), font_size: Some(Length { value: 14.0, _unit: PhantomData<loki_primitives::units::unit_types::Pt> }), font_size_complex: Some(Length { value: 14.0, _unit: PhantomData<loki_primitives::units::unit_types::Pt> }), bold: Some(true), italic: None, underline: None, strikethrough: None, outline: None, shadow: None, small_caps: None, all_caps: None, vertical_align: None, color: Some(Rgb(RgbColor { r: 0.14509805, g: 0.3882353, b: 0.92156863 })), background_color: None, highlight_color: None, letter_spacing: None, word_spacing: None, kerning: None, scale: None, language: None, language_complex: None, language_east_asian: None, hyperlink: None, extensions: ExtensionBag { entries: [] } }), content: [Str("2.2 Non-Goals (v1)")], attr: NodeAttr { id: None, classes: [], kv: [], extensions: ExtensionBag { entries: [] } } }), Bookmark(End, "non_goals")])
Block 31: StyledPara(StyledParagraph { style_id: Some(StyleId("ListParagraph")), direct_para_props: Some(ParaProps { alignment: None, indent_start: None, indent_end: None, indent_first_line: None, indent_hanging: None, space_before: Some(Exact(Length { value: 2.0, _unit: PhantomData<loki_primitives::units::unit_types::Pt> })), space_after: Some(Exact(Length { value: 2.0, _unit: PhantomData<loki_primitives::units::unit_types::Pt> })), line_height: None, border_top: None, border_bottom: None, border_left: None, border_right: None, border_between: None, padding_top: None, padding_bottom: None, padding_left: None, padding_right: None, background_color: None, tab_stops: None, keep_together: None, keep_with_next: None, orphan_control: None, widow_control: None, page_break_before: None, page_break_after: None, column_break_after: None, list_id: Some(ListId("2")), list_level: Some(0), outline_level: None, bidi: None, extensions: ExtensionBag { entries: [] } }), direct_char_props: None, inlines: [StyledRun(StyledRun { style_id: None, direct_props: Some(CharProps { font_name: Some("Calibri"), font_name_complex: Some("Calibri"), font_name_east_asian: Some("Calibri"), font_size: Some(Length { value: 11.0, _unit: PhantomData<loki_primitives::units::unit_types::Pt> }), font_size_complex: Some(Length { value: 11.0, _unit: PhantomData<loki_primitives::units::unit_types::Pt> }), bold: None, italic: None, underline: None, strikethrough: None, outline: None, shadow: None, small_caps: None, all_caps: None, vertical_align: None, color: Some(Rgb(RgbColor { r: 0.05882353, g: 0.09019608, b: 0.16470589 })), background_color: None, highlight_color: None, letter_spacing: None, word_spacing: None, kerning: None, scale: None, language: None, language_complex: None, language_east_asian: None, hyperlink: None, extensions: ExtensionBag { entries: [] } }), content: [Str("Real-time collaborative editing (architecture is CRDT-ready but out of scope for v1)")], attr: NodeAttr { id: None, classes: [], kv: [], extensions: ExtensionBag { entries: [] } } })], attr: NodeAttr { id: None, classes: [], kv: [], extensions: ExtensionBag { entries: [] } } })
Block 32: StyledPara(StyledParagraph { style_id: Some(StyleId("ListParagraph")), direct_para_props: Some(ParaProps { alignment: None, indent_start: None, indent_end: None, indent_first_line: None, indent_hanging: None, space_before: Some(Exact(Length { value: 2.0, _unit: PhantomData<loki_primitives::units::unit_types::Pt> })), space_after: Some(Exact(Length { value: 2.0, _unit: PhantomData<loki_primitives::units::unit_types::Pt> })), line_height: None, border_top: None, border_bottom: None, border_left: None, border_right: None, border_between: None, padding_top: None, padding_bottom: None, padding_left: None, padding_right: None, background_color: None, tab_stops: None, keep_together: None, keep_with_next: None, orphan_control: None, widow_control: None, page_break_before: None, page_break_after: None, column_break_after: None, list_id: Some(ListId("2")), list_level: Some(0), outline_level: None, bidi: None, extensions: ExtensionBag { entries: [] } }), direct_char_props: None, inlines: [StyledRun(StyledRun { style_id: None, direct_props: Some(CharProps { font_name: Some("Calibri"), font_name_complex: Some("Calibri"), font_name_east_asian: Some("Calibri"), font_size: Some(Length { value: 11.0, _unit: PhantomData<loki_primitives::units::unit_types::Pt> }), font_size_complex: Some(Length { value: 11.0, _unit: PhantomData<loki_primitives::units::unit_types::Pt> }), bold: None, italic: None, underline: None, strikethrough: None, outline: None, shadow: None, small_caps: None, all_caps: None, vertical_align: None, color: Some(Rgb(RgbColor { r: 0.05882353, g: 0.09019608, b: 0.16470589 })), background_color: None, highlight_color: None, letter_spacing: None, word_spacing: None, kerning: None, scale: None, language: None, language_complex: None, language_east_asian: None, hyperlink: None, extensions: ExtensionBag { entries: [] } }), content: [Str("Web browser / WASM target in v1")], attr: NodeAttr { id: None, classes: [], kv: [], extensions: ExtensionBag { entries: [] } } })], attr: NodeAttr { id: None, classes: [], kv: [], extensions: ExtensionBag { entries: [] } } })
Block 33: StyledPara(StyledParagraph { style_id: Some(StyleId("ListParagraph")), direct_para_props: Some(ParaProps { alignment: None, indent_start: None, indent_end: None, indent_first_line: None, indent_hanging: None, space_before: Some(Exact(Length { value: 2.0, _unit: PhantomData<loki_primitives::units::unit_types::Pt> })), space_after: Some(Exact(Length { value: 2.0, _unit: PhantomData<loki_primitives::units::unit_types::Pt> })), line_height: None, border_top: None, border_bottom: None, border_left: None, border_right: None, border_between: None, padding_top: None, padding_bottom: None, padding_left: None, padding_right: None, background_color: None, tab_stops: None, keep_together: None, keep_with_next: None, orphan_control: None, widow_control: None, page_break_before: None, page_break_after: None, column_break_after: None, list_id: Some(ListId("2")), list_level: Some(0), outline_level: None, bidi: None, extensions: ExtensionBag { entries: [] } }), direct_char_props: None, inlines: [StyledRun(StyledRun { style_id: None, direct_props: Some(CharProps { font_name: Some("Calibri"), font_name_complex: Some("Calibri"), font_name_east_asian: Some("Calibri"), font_size: Some(Length { value: 11.0, _unit: PhantomData<loki_primitives::units::unit_types::Pt> }), font_size_complex: Some(Length { value: 11.0, _unit: PhantomData<loki_primitives::units::unit_types::Pt> }), bold: None, italic: None, underline: None, strikethrough: None, outline: None, shadow: None, small_caps: None, all_caps: None, vertical_align: None, color: Some(Rgb(RgbColor { r: 0.05882353, g: 0.09019608, b: 0.16470589 })), background_color: None, highlight_color: None, letter_spacing: None, word_spacing: None, kerning: None, scale: None, language: None, language_complex: None, language_east_asian: None, hyperlink: None, extensions: ExtensionBag { entries: [] } }), content: [Str("Cloud storage integration in v1 (plugin seam is provided)")], attr: NodeAttr { id: None, classes: [], kv: [], extensions: ExtensionBag { entries: [] } } })], attr: NodeAttr { id: None, classes: [], kv: [], extensions: ExtensionBag { entries: [] } } })
Block 34: StyledPara(StyledParagraph { style_id: Some(StyleId("ListParagraph")), direct_para_props: Some(ParaProps { alignment: None, indent_start: None, indent_end: None, indent_first_line: None, indent_hanging: None, space_before: Some(Exact(Length { value: 2.0, _unit: PhantomData<loki_primitives::units::unit_types::Pt> })), space_after: Some(Exact(Length { value: 2.0, _unit: PhantomData<loki_primitives::units::unit_types::Pt> })), line_height: None, border_top: None, border_bottom: None, border_left: None, border_right: None, border_between: None, padding_top: None, padding_bottom: None, padding_left: None, padding_right: None, background_color: None, tab_stops: None, keep_together: None, keep_with_next: None, orphan_control: None, widow_control: None, page_break_before: None, page_break_after: None, column_break_after: None, list_id: Some(ListId("2")), list_level: Some(0), outline_level: None, bidi: None, extensions: ExtensionBag { entries: [] } }), direct_char_props: None, inlines: [StyledRun(StyledRun { style_id: None, direct_props: Some(CharProps { font_name: Some("Calibri"), font_name_complex: Some("Calibri"), font_name_east_asian: Some("Calibri"), font_size: Some(Length { value: 11.0, _unit: PhantomData<loki_primitives::units::unit_types::Pt> }), font_size_complex: Some(Length { value: 11.0, _unit: PhantomData<loki_primitives::units::unit_types::Pt> }), bold: None, italic: None, underline: None, strikethrough: None, outline: None, shadow: None, small_caps: None, all_caps: None, vertical_align: None, color: Some(Rgb(RgbColor { r: 0.05882353, g: 0.09019608, b: 0.16470589 })), background_color: None, highlight_color: None, letter_spacing: None, word_spacing: None, kerning: None, scale: None, language: None, language_complex: None, language_east_asian: None, hyperlink: None, extensions: ExtensionBag { entries: [] } }), content: [Str("Macro scripting engine in v1")], attr: NodeAttr { id: None, classes: [], kv: [], extensions: ExtensionBag { entries: [] } } })], attr: NodeAttr { id: None, classes: [], kv: [], extensions: ExtensionBag { entries: [] } } })
Block 35: StyledPara(StyledParagraph { style_id: None, direct_para_props: Some(ParaProps { alignment: None, indent_start: None, indent_end: None, indent_first_line: None, indent_hanging: None, space_before: None, space_after: None, line_height: None, border_top: None, border_bottom: None, border_left: None, border_right: None, border_between: None, padding_top: None, padding_bottom: None, padding_left: None, padding_right: None, background_color: None, tab_stops: None, keep_together: None, keep_with_next: None, orphan_control: None, widow_control: None, page_break_before: None, page_break_after: Some(true), column_break_after: None, list_id: None, list_level: None, outline_level: None, bidi: None, extensions: ExtensionBag { entries: [] } }), direct_char_props: None, inlines: [], attr: NodeAttr { id: None, classes: [], kv: [], extensions: ExtensionBag { entries: [] } } })
Block 36: Heading(1, NodeAttr { id: None, classes: [], kv: [], extensions: ExtensionBag { entries: [] } }, [Bookmark(Start, "hla"), StyledRun(StyledRun { style_id: None, direct_props: Some(CharProps { font_name: Some("Calibri"), font_name_complex: Some("Calibri"), font_name_east_asian: Some("Calibri"), font_size: Some(Length { value: 18.0, _unit: PhantomData<loki_primitives::units::unit_types::Pt> }), font_size_complex: Some(Length { value: 18.0, _unit: PhantomData<loki_primitives::units::unit_types::Pt> }), bold: Some(true), italic: None, underline: None, strikethrough: None, outline: None, shadow: None, small_caps: None, all_caps: None, vertical_align: None, color: Some(Rgb(RgbColor { r: 0.105882354, g: 0.16470589, b: 0.2901961 })), background_color: None, highlight_color: None, letter_spacing: None, word_spacing: None, kerning: None, scale: None, language: None, language_complex: None, language_east_asian: None, hyperlink: None, extensions: ExtensionBag { entries: [] } }), content: [Str("3. High-Level Architecture")], attr: NodeAttr { id: None, classes: [], kv: [], extensions: ExtensionBag { entries: [] } } }), Bookmark(End, "hla")])
Block 37: StyledPara(StyledParagraph { style_id: None, direct_para_props: Some(ParaProps { alignment: None, indent_start: None, indent_end: None, indent_first_line: None, indent_hanging: None, space_before: Some(Exact(Length { value: 3.0, _unit: PhantomData<loki_primitives::units::unit_types::Pt> })), space_after: Some(Exact(Length { value: 5.0, _unit: PhantomData<loki_primitives::units::unit_types::Pt> })), line_height: None, border_top: None, border_bottom: None, border_left: None, border_right: None, border_between: None, padding_top: None, padding_bottom: None, padding_left: None, padding_right: None, background_color: None, tab_stops: None, keep_together: None, keep_with_next: None, orphan_control: None, widow_control: None, page_break_before: None, page_break_after: None, column_break_after: None, list_id: None, list_level: None, outline_level: None, bidi: None, extensions: ExtensionBag { entries: [] } }), direct_char_props: None, inlines: [StyledRun(StyledRun { style_id: None, direct_props: Some(CharProps { font_name: Some("Calibri"), font_name_complex: Some("Calibri"), font_name_east_asian: Some("Calibri"), font_size: Some(Length { value: 11.0, _unit: PhantomData<loki_primitives::units::unit_types::Pt> }), font_size_complex: Some(Length { value: 11.0, _unit: PhantomData<loki_primitives::units::unit_types::Pt> }), bold: None, italic: None, underline: None, strikethrough: None, outline: None, shadow: None, small_caps: None, all_caps: None, vertical_align: None, color: Some(Rgb(RgbColor { r: 0.05882353, g: 0.09019608, b: 0.16470589 })), background_color: None, highlight_color: None, letter_spacing: None, word_spacing: None, kerning: None, scale: None, language: None, language_complex: None, language_east_asian: None, hyperlink: None, extensions: ExtensionBag { entries: [] } }), content: [Str("AppThere Loki follows a strict layered hourglass architecture. The narrow waist is LokiKit — a C#/.NET interface layer directly inspired by the LibreOfficeKit C headers — which completely decouples the presentation tier from the document-processing engine.")], attr: NodeAttr { id: None, classes: [], kv: [], extensions: ExtensionBag { entries: [] } } })], attr: NodeAttr { id: None, classes: [], kv: [], extensions: ExtensionBag { entries: [] } } })
Block 38: StyledPara(StyledParagraph { style_id: None, direct_para_props: Some(ParaProps { alignment: None, indent_start: None, indent_end: None, indent_first_line: None, indent_hanging: None, space_before: Some(Exact(Length { value: 0.0, _unit: PhantomData<loki_primitives::units::unit_types::Pt> })), space_after: Some(Exact(Length { value: 6.0, _unit: PhantomData<loki_primitives::units::unit_types::Pt> })), line_height: None, border_top: None, border_bottom: None, border_left: None, border_right: None, border_between: None, padding_top: None, padding_bottom: None, padding_left: None, padding_right: None, background_color: None, tab_stops: None, keep_together: None, keep_with_next: None, orphan_control: None, widow_control: None, page_break_before: None, page_break_after: None, column_break_after: None, list_id: None, list_level: None, outline_level: None, bidi: None, extensions: ExtensionBag { entries: [] } }), direct_char_props: None, inlines: [Str("")], attr: NodeAttr { id: None, classes: [], kv: [], extensions: ExtensionBag { entries: [] } } })
Block 39: Table(Table { attr: NodeAttr { id: None, classes: [], kv: [], extensions: ExtensionBag { entries: [] } }, caption: TableCaption { short: None, full: [] }, width: Some(Fixed(468.0)), col_specs: [ColSpec { alignment: Default, width: Fixed(Length { value: 468.0, _unit: PhantomData<loki_primitives::units::unit_types::Pt> }) }], head: TableHead { attr: NodeAttr { id: None, classes: [], kv: [], extensions: ExtensionBag { entries: [] } }, rows: [] }, bodies: [TableBody { attr: NodeAttr { id: None, classes: [], kv: [], extensions: ExtensionBag { entries: [] } }, head_rows: [], body_rows: [Row { attr: NodeAttr { id: None, classes: [], kv: [], extensions: ExtensionBag { entries: [] } }, cells: [Cell { attr: NodeAttr { id: None, classes: [], kv: [], extensions: ExtensionBag { entries: [] } }, alignment: Default, row_span: 1, col_span: 1, blocks: [StyledPara(StyledParagraph { style_id: None, direct_para_props: Some(ParaProps { alignment: None, indent_start: None, indent_end: None, indent_first_line: None, indent_hanging: None, space_before: None, space_after: Some(Exact(Length { value: 3.0, _unit: PhantomData<loki_primitives::units::unit_types::Pt> })), line_height: None, border_top: None, border_bottom: None, border_left: None, border_right: None, border_between: None, padding_top: None, padding_bottom: None, padding_left: None, padding_right: None, background_color: None, tab_stops: None, keep_together: None, keep_with_next: None, orphan_control: None, widow_control: None, page_break_before: None, page_break_after: None, column_break_after: None, list_id: None, list_level: None, outline_level: None, bidi: None, extensions: ExtensionBag { entries: [] } }), direct_char_props: None, inlines: [StyledRun(StyledRun { style_id: None, direct_props: Some(CharProps { font_name: Some("Calibri"), font_name_complex: Some("Calibri"), font_name_east_asian: Some("Calibri"), font_size: Some(Length { value: 11.0, _unit: PhantomData<loki_primitives::units::unit_types::Pt> }), font_size_complex: Some(Length { value: 11.0, _unit: PhantomData<loki_primitives::units::unit_types::Pt> }), bold: Some(true), italic: None, underline: None, strikethrough: None, outline: None, shadow: None, small_caps: None, all_caps: None, vertical_align: None, color: Some(Rgb(RgbColor { r: 0.4862745, g: 0.22745098, b: 0.92941177 })), background_color: None, highlight_color: None, letter_spacing: None, word_spacing: None, kerning: None, scale: None, language: None, language_complex: None, language_east_asian: None, hyperlink: None, extensions: ExtensionBag { entries: [] } }), content: [Str("Layer Stack (top → bottom)")], attr: NodeAttr { id: None, classes: [], kv: [], extensions: ExtensionBag { entries: [] } } })], attr: NodeAttr { id: None, classes: [], kv: [], extensions: ExtensionBag { entries: [] } } }), StyledPara(StyledParagraph { style_id: None, direct_para_props: Some(ParaProps { alignment: None, indent_start: None, indent_end: None, indent_first_line: None, indent_hanging: None, space_before: Some(Exact(Length { value: 0.0, _unit: PhantomData<loki_primitives::units::unit_types::Pt> })), space_after: Some(Exact(Length { value: 0.0, _unit: PhantomData<loki_primitives::units::unit_types::Pt> })), line_height: None, border_top: None, border_bottom: None, border_left: None, border_right: None, border_between: None, padding_top: None, padding_bottom: None, padding_left: None, padding_right: None, background_color: None, tab_stops: None, keep_together: None, keep_with_next: None, orphan_control: None, widow_control: None, page_break_before: None, page_break_after: None, column_break_after: None, list_id: None, list_level: None, outline_level: None, bidi: None, extensions: ExtensionBag { entries: [] } }), direct_char_props: None, inlines: [StyledRun(StyledRun { style_id: None, direct_props: Some(CharProps { font_name: Some("Calibri"), font_name_complex: Some("Calibri"), font_name_east_asian: Some("Calibri"), font_size: Some(Length { value: 10.5, _unit: PhantomData<loki_primitives::units::unit_types::Pt> }), font_size_complex: Some(Length { value: 10.5, _unit: PhantomData<loki_primitives::units::unit_types::Pt> }), bold: None, italic: None, underline: None, strikethrough: None, outline: None, shadow: None, small_caps: None, all_caps: None, vertical_align: None, color: Some(Rgb(RgbColor { r: 0.05882353, g: 0.09019608, b: 0.16470589 })), background_color: None, highlight_color: None, letter_spacing: None, word_spacing: None, kerning: None, scale: None, language: None, language_complex: None, language_east_asian: None, hyperlink: None, extensions: ExtensionBag { entries: [] } }), content: [Str("[ Avalonia UI Shell / Platform Adapters ]\n           ↕  Avalonia ↕\n[ Responsive Layout Engine & Toolbar/Command System ]\n           ↕  LokiKit API ↕\n[ LokiKit — Document Interface & Tile Server ]\n           ↕  internal ↕\n[ Document Engine (per type) ]\n           ↕  internal ↕\n[ Format I/O Layer (ODF, OOXML, MD, CSV, SVG, Mermaid) ]\n           ↕  internal ↕\n[ Skia Render Pipeline  |  Export Pipeline (PDF/EPUB) ]\n           ↕  internal ↕\n[ Common Kernel: Fonts, Layout, Image, i18n, Storage ]")], attr: NodeAttr { id: None, classes: [], kv: [], extensions: ExtensionBag { entries: [] } } })], attr: NodeAttr { id: None, classes: [], kv: [], extensions: ExtensionBag { entries: [] } } })], props: CellProps { background_color: Some(Rgb(RgbColor { r: 0.93333334, g: 0.9490196, b: 1.0 })), border_top: Some(Border { style: Solid, width: Length { value: 0.125, _unit: PhantomData<loki_primitives::units::unit_types::Pt> }, color: Some(Rgb(RgbColor { r: 0.4862745, g: 0.22745098, b: 0.92941177 })), spacing: None }), border_bottom: Some(Border { style: Solid, width: Length { value: 0.125, _unit: PhantomData<loki_primitives::units::unit_types::Pt> }, color: Some(Rgb(RgbColor { r: 0.4862745, g: 0.22745098, b: 0.92941177 })), spacing: None }), border_left: Some(Border { style: Solid, width: Length { value: 1.5, _unit: PhantomData<loki_primitives::units::unit_types::Pt> }, color: Some(Rgb(RgbColor { r: 0.4862745, g: 0.22745098, b: 0.92941177 })), spacing: None }), border_right: Some(Border { style: Solid, width: Length { value: 0.125, _unit: PhantomData<loki_primitives::units::unit_types::Pt> }, color: Some(Rgb(RgbColor { r: 0.4862745, g: 0.22745098, b: 0.92941177 })), spacing: None }), padding_top: Some(Length { value: 6.0, _unit: PhantomData<loki_primitives::units::unit_types::Pt> }), padding_bottom: Some(Length { value: 6.0, _unit: PhantomData<loki_primitives::units::unit_types::Pt> }), padding_left: Some(Length { value: 12.0, _unit: PhantomData<loki_primitives::units::unit_types::Pt> }), padding_right: Some(Length { value: 12.0, _unit: PhantomData<loki_primitives::units::unit_types::Pt> }), vertical_align: None, text_direction: None } }] }] }], foot: TableFoot { attr: NodeAttr { id: None, classes: [], kv: [], extensions: ExtensionBag { entries: [] } }, rows: [] } })
Block 40: StyledPara(StyledParagraph { style_id: None, direct_para_props: Some(ParaProps { alignment: None, indent_start: None, indent_end: None, indent_first_line: None, indent_hanging: None, space_before: Some(Exact(Length { value: 0.0, _unit: PhantomData<loki_primitives::units::unit_types::Pt> })), space_after: Some(Exact(Length { value: 6.0, _unit: PhantomData<loki_primitives::units::unit_types::Pt> })), line_height: None, border_top: None, border_bottom: None, border_left: None, border_right: None, border_between: None, padding_top: None, padding_bottom: None, padding_left: None, padding_right: None, background_color: None, tab_stops: None, keep_together: None, keep_with_next: None, orphan_control: None, widow_control: None, page_break_before: None, page_break_after: None, column_break_after: None, list_id: None, list_level: None, outline_level: None, bidi: None, extensions: ExtensionBag { entries: [] } }), direct_char_props: None, inlines: [Str("")], attr: NodeAttr { id: None, classes: [], kv: [], extensions: ExtensionBag { entries: [] } } })
Block 41: Heading(2, NodeAttr { id: None, classes: [], kv: [], extensions: ExtensionBag { entries: [] } }, [Bookmark(Start, "lokikit"), StyledRun(StyledRun { style_id: None, direct_props: Some(CharProps { font_name: Some("Calibri"), font_name_complex: Some("Calibri"), font_name_east_asian: Some("Calibri"), font_size: Some(Length { value: 14.0, _unit: PhantomData<loki_primitives::units::unit_types::Pt> }), font_size_complex: Some(Length { value: 14.0, _unit: PhantomData<loki_primitives::units::unit_types::Pt> }), bold: Some(true), italic: None, underline: None, strikethrough: None, outline: None, shadow: None, small_caps: None, all_caps: None, vertical_align: None, color: Some(Rgb(RgbColor { r: 0.14509805, g: 0.3882353, b: 0.92156863 })), background_color: None, highlight_color: None, letter_spacing: None, word_spacing: None, kerning: None, scale: None, language: None, language_complex: None, language_east_asian: None, hyperlink: None, extensions: ExtensionBag { entries: [] } }), content: [Str("3.1 LokiKit — The Hourglass Waist")], attr: NodeAttr { id: None, classes: [], kv: [], extensions: ExtensionBag { entries: [] } } }), Bookmark(End, "lokikit")])
Block 42: StyledPara(StyledParagraph { style_id: None, direct_para_props: Some(ParaProps { alignment: None, indent_start: None, indent_end: None, indent_first_line: None, indent_hanging: None, space_before: Some(Exact(Length { value: 3.0, _unit: PhantomData<loki_primitives::units::unit_types::Pt> })), space_after: Some(Exact(Length { value: 5.0, _unit: PhantomData<loki_primitives::units::unit_types::Pt> })), line_height: None, border_top: None, border_bottom: None, border_left: None, border_right: None, border_between: None, padding_top: None, padding_bottom: None, padding_left: None, padding_right: None, background_color: None, tab_stops: None, keep_together: None, keep_with_next: None, orphan_control: None, widow_control: None, page_break_before: None, page_break_after: None, column_break_after: None, list_id: None, list_level: None, outline_level: None, bidi: None, extensions: ExtensionBag { entries: [] } }), direct_char_props: None, inlines: [StyledRun(StyledRun { style_id: None, direct_props: Some(CharProps { font_name: Some("Calibri"), font_name_complex: Some("Calibri"), font_name_east_asian: Some("Calibri"), font_size: Some(Length { value: 11.0, _unit: PhantomData<loki_primitives::units::unit_types::Pt> }), font_size_complex: Some(Length { value: 11.0, _unit: PhantomData<loki_primitives::units::unit_types::Pt> }), bold: None, italic: None, underline: None, strikethrough: None, outline: None, shadow: None, small_caps: None, all_caps: None, vertical_align: None, color: Some(Rgb(RgbColor { r: 0.05882353, g: 0.09019608, b: 0.16470589 })), background_color: None, highlight_color: None, letter_spacing: None, word_spacing: None, kerning: None, scale: None, language: None, language_complex: None, language_east_asian: None, hyperlink: None, extensions: ExtensionBag { entries: [] } }), content: [Str("LokiKit is a managed-.NET API surface mirroring the LibreOfficeKit C interface. The UI layer never touches the document model directly; all commands, queries, and rendered tiles flow through LokiKit. This means:")], attr: NodeAttr { id: None, classes: [], kv: [], extensions: ExtensionBag { entries: [] } } })], attr: NodeAttr { id: None, classes: [], kv: [], extensions: ExtensionBag { entries: [] } } })
Block 43: StyledPara(StyledParagraph { style_id: Some(StyleId("ListParagraph")), direct_para_props: Some(ParaProps { alignment: None, indent_start: None, indent_end: None, indent_first_line: None, indent_hanging: None, space_before: Some(Exact(Length { value: 2.0, _unit: PhantomData<loki_primitives::units::unit_types::Pt> })), space_after: Some(Exact(Length { value: 2.0, _unit: PhantomData<loki_primitives::units::unit_types::Pt> })), line_height: None, border_top: None, border_bottom: None, border_left: None, border_right: None, border_between: None, padding_top: None, padding_bottom: None, padding_left: None, padding_right: None, background_color: None, tab_stops: None, keep_together: None, keep_with_next: None, orphan_control: None, widow_control: None, page_break_before: None, page_break_after: None, column_break_after: None, list_id: Some(ListId("2")), list_level: Some(0), outline_level: None, bidi: None, extensions: ExtensionBag { entries: [] } }), direct_char_props: None, inlines: [StyledRun(StyledRun { style_id: None, direct_props: Some(CharProps { font_name: Some("Calibri"), font_name_complex: Some("Calibri"), font_name_east_asian: Some("Calibri"), font_size: Some(Length { value: 11.0, _unit: PhantomData<loki_primitives::units::unit_types::Pt> }), font_size_complex: Some(Length { value: 11.0, _unit: PhantomData<loki_primitives::units::unit_types::Pt> }), bold: None, italic: None, underline: None, strikethrough: None, outline: None, shadow: None, small_caps: None, all_caps: None, vertical_align: None, color: Some(Rgb(RgbColor { r: 0.05882353, g: 0.09019608, b: 0.16470589 })), background_color: None, highlight_color: None, letter_spacing: None, word_spacing: None, kerning: None, scale: None, language: None, language_complex: None, language_east_asian: None, hyperlink: None, extensions: ExtensionBag { entries: [] } }), content: [Str("The document engine can be used headlessly (CLI, server-side) with zero UI code")], attr: NodeAttr { id: None, classes: [], kv: [], extensions: ExtensionBag { entries: [] } } })], attr: NodeAttr { id: None, classes: [], kv: [], extensions: ExtensionBag { entries: [] } } })
Block 44: StyledPara(StyledParagraph { style_id: Some(StyleId("ListParagraph")), direct_para_props: Some(ParaProps { alignment: None, indent_start: None, indent_end: None, indent_first_line: None, indent_hanging: None, space_before: Some(Exact(Length { value: 2.0, _unit: PhantomData<loki_primitives::units::unit_types::Pt> })), space_after: Some(Exact(Length { value: 2.0, _unit: PhantomData<loki_primitives::units::unit_types::Pt> })), line_height: None, border_top: None, border_bottom: None, border_left: None, border_right: None, border_between: None, padding_top: None, padding_bottom: None, padding_left: None, padding_right: None, background_color: None, tab_stops: None, keep_together: None, keep_with_next: None, orphan_control: None, widow_control: None, page_break_before: None, page_break_after: None, column_break_after: None, list_id: Some(ListId("2")), list_level: Some(0), outline_level: None, bidi: None, extensions: ExtensionBag { entries: [] } }), direct_char_props: None, inlines: [StyledRun(StyledRun { style_id: None, direct_props: Some(CharProps { font_name: Some("Calibri"), font_name_complex: Some("Calibri"), font_name_east_asian: Some("Calibri"), font_size: Some(Length { value: 11.0, _unit: PhantomData<loki_primitives::units::unit_types::Pt> }), font_size_complex: Some(Length { value: 11.0, _unit: PhantomData<loki_primitives::units::unit_types::Pt> }), bold: None, italic: None, underline: None, strikethrough: None, outline: None, shadow: None, small_caps: None, all_caps: None, vertical_align: None, color: Some(Rgb(RgbColor { r: 0.05882353, g: 0.09019608, b: 0.16470589 })), background_color: None, highlight_color: None, letter_spacing: None, word_spacing: None, kerning: None, scale: None, language: None, language_complex: None, language_east_asian: None, hyperlink: None, extensions: ExtensionBag { entries: [] } }), content: [Str("The UI can be replaced or run in a unit-test harness without instantiating documents")], attr: NodeAttr { id: None, classes: [], kv: [], extensions: ExtensionBag { entries: [] } } })], attr: NodeAttr { id: None, classes: [], kv: [], extensions: ExtensionBag { entries: [] } } })
Block 45: StyledPara(StyledParagraph { style_id: Some(StyleId("ListParagraph")), direct_para_props: Some(ParaProps { alignment: None, indent_start: None, indent_end: None, indent_first_line: None, indent_hanging: None, space_before: Some(Exact(Length { value: 2.0, _unit: PhantomData<loki_primitives::units::unit_types::Pt> })), space_after: Some(Exact(Length { value: 2.0, _unit: PhantomData<loki_primitives::units::unit_types::Pt> })), line_height: None, border_top: None, border_bottom: None, border_left: None, border_right: None, border_between: None, padding_top: None, padding_bottom: None, padding_left: None, padding_right: None, background_color: None, tab_stops: None, keep_together: None, keep_with_next: None, orphan_control: None, widow_control: None, page_break_before: None, page_break_after: None, column_break_after: None, list_id: Some(ListId("2")), list_level: Some(0), outline_level: None, bidi: None, extensions: ExtensionBag { entries: [] } }), direct_char_props: None, inlines: [StyledRun(StyledRun { style_id: None, direct_props: Some(CharProps { font_name: Some("Calibri"), font_name_complex: Some("Calibri"), font_name_east_asian: Some("Calibri"), font_size: Some(Length { value: 11.0, _unit: PhantomData<loki_primitives::units::unit_types::Pt> }), font_size_complex: Some(Length { value: 11.0, _unit: PhantomData<loki_primitives::units::unit_types::Pt> }), bold: None, italic: None, underline: None, strikethrough: None, outline: None, shadow: None, small_caps: None, all_caps: None, vertical_align: None, color: Some(Rgb(RgbColor { r: 0.05882353, g: 0.09019608, b: 0.16470589 })), background_color: None, highlight_color: None, letter_spacing: None, word_spacing: None, kerning: None, scale: None, language: None, language_complex: None, language_east_asian: None, hyperlink: None, extensions: ExtensionBag { entries: [] } }), content: [Str("Tiled rendering is a first-class protocol: the UI requests tile bitmaps at a given zoom/offset, LokiKit rasterises them via Skia and returns them as SKBitmap or raw pixel spans")], attr: NodeAttr { id: None, classes: [], kv: [], extensions: ExtensionBag { entries: [] } } })], attr: NodeAttr { id: None, classes: [], kv: [], extensions: ExtensionBag { entries: [] } } })
Block 46: StyledPara(StyledParagraph { style_id: Some(StyleId("ListParagraph")), direct_para_props: Some(ParaProps { alignment: None, indent_start: None, indent_end: None, indent_first_line: None, indent_hanging: None, space_before: Some(Exact(Length { value: 2.0, _unit: PhantomData<loki_primitives::units::unit_types::Pt> })), space_after: Some(Exact(Length { value: 2.0, _unit: PhantomData<loki_primitives::units::unit_types::Pt> })), line_height: None, border_top: None, border_bottom: None, border_left: None, border_right: None, border_between: None, padding_top: None, padding_bottom: None, padding_left: None, padding_right: None, background_color: None, tab_stops: None, keep_together: None, keep_with_next: None, orphan_control: None, widow_control: None, page_break_before: None, page_break_after: None, column_break_after: None, list_id: Some(ListId("2")), list_level: Some(0), outline_level: None, bidi: None, extensions: ExtensionBag { entries: [] } }), direct_char_props: None, inlines: [StyledRun(StyledRun { style_id: None, direct_props: Some(CharProps { font_name: Some("Calibri"), font_name_complex: Some("Calibri"), font_name_east_asian: Some("Calibri"), font_size: Some(Length { value: 11.0, _unit: PhantomData<loki_primitives::units::unit_types::Pt> }), font_size_complex: Some(Length { value: 11.0, _unit: PhantomData<loki_primitives::units::unit_types::Pt> }), bold: None, italic: None, underline: None, strikethrough: None, outline: None, shadow: None, small_caps: None, all_caps: None, vertical_align: None, color: Some(Rgb(RgbColor { r: 0.05882353, g: 0.09019608, b: 0.16470589 })), background_color: None, highlight_color: None, letter_spacing: None, word_spacing: None, kerning: None, scale: None, language: None, language_complex: None, language_east_asian: None, hyperlink: None, extensions: ExtensionBag { entries: [] } }), content: [Str("Commands are dispatched as structured messages (discriminated unions in C#), not direct method calls, enabling undo/redo, macros, and future CRDT collaboration")], attr: NodeAttr { id: None, classes: [], kv: [], extensions: ExtensionBag { entries: [] } } })], attr: NodeAttr { id: None, classes: [], kv: [], extensions: ExtensionBag { entries: [] } } })
Block 47: StyledPara(StyledParagraph { style_id: None, direct_para_props: Some(ParaProps { alignment: None, indent_start: None, indent_end: None, indent_first_line: None, indent_hanging: None, space_before: Some(Exact(Length { value: 0.0, _unit: PhantomData<loki_primitives::units::unit_types::Pt> })), space_after: Some(Exact(Length { value: 6.0, _unit: PhantomData<loki_primitives::units::unit_types::Pt> })), line_height: None, border_top: None, border_bottom: None, border_left: None, border_right: None, border_between: None, padding_top: None, padding_bottom: None, padding_left: None, padding_right: None, background_color: None, tab_stops: None, keep_together: None, keep_with_next: None, orphan_control: None, widow_control: None, page_break_before: None, page_break_after: None, column_break_after: None, list_id: None, list_level: None, outline_level: None, bidi: None, extensions: ExtensionBag { entries: [] } }), direct_char_props: None, inlines: [Str("")], attr: NodeAttr { id: None, classes: [], kv: [], extensions: ExtensionBag { entries: [] } } })
Block 48: Heading(3, NodeAttr { id: None, classes: [], kv: [], extensions: ExtensionBag { entries: [] } }, [StyledRun(StyledRun { style_id: None, direct_props: Some(CharProps { font_name: Some("Calibri"), font_name_complex: Some("Calibri"), font_name_east_asian: Some("Calibri"), font_size: Some(Length { value: 12.0, _unit: PhantomData<loki_primitives::units::unit_types::Pt> }), font_size_complex: Some(Length { value: 12.0, _unit: PhantomData<loki_primitives::units::unit_types::Pt> }), bold: Some(true), italic: None, underline: None, strikethrough: None, outline: None, shadow: None, small_caps: None, all_caps: None, vertical_align: None, color: Some(Rgb(RgbColor { r: 0.050980393, g: 0.5803922, b: 0.53333336 })), background_color: None, highlight_color: None, letter_spacing: None, word_spacing: None, kerning: None, scale: None, language: None, language_complex: None, language_east_asian: None, hyperlink: None, extensions: ExtensionBag { entries: [] } }), content: [Str("LokiKit Core Interface")], attr: NodeAttr { id: None, classes: [], kv: [], extensions: ExtensionBag { entries: [] } } })])
Block 49: StyledPara(StyledParagraph { style_id: None, direct_para_props: Some(ParaProps { alignment: None, indent_start: Some(Length { value: 36.0, _unit: PhantomData<loki_primitives::units::unit_types::Pt> }), indent_end: None, indent_first_line: None, indent_hanging: None, space_before: Some(Exact(Length { value: 2.0, _unit: PhantomData<loki_primitives::units::unit_types::Pt> })), space_after: Some(Exact(Length { value: 2.0, _unit: PhantomData<loki_primitives::units::unit_types::Pt> })), line_height: None, border_top: None, border_bottom: None, border_left: None, border_right: None, border_between: None, padding_top: None, padding_bottom: None, padding_left: None, padding_right: None, background_color: None, tab_stops: None, keep_together: None, keep_with_next: None, orphan_control: None, widow_control: None, page_break_before: None, page_break_after: None, column_break_after: None, list_id: None, list_level: None, outline_level: None, bidi: None, extensions: ExtensionBag { entries: [] } }), direct_char_props: None, inlines: [StyledRun(StyledRun { style_id: None, direct_props: Some(CharProps { font_name: Some("Courier New"), font_name_complex: Some("Courier New"), font_name_east_asian: Some("Courier New"), font_size: Some(Length { value: 10.0, _unit: PhantomData<loki_primitives::units::unit_types::Pt> }), font_size_complex: Some(Length { value: 10.0, _unit: PhantomData<loki_primitives::units::unit_types::Pt> }), bold: None, italic: None, underline: None, strikethrough: None, outline: None, shadow: None, small_caps: None, all_caps: None, vertical_align: None, color: Some(Rgb(RgbColor { r: 0.4862745, g: 0.22745098, b: 0.92941177 })), background_color: None, highlight_color: None, letter_spacing: None, word_spacing: None, kerning: None, scale: None, language: None, language_complex: None, language_east_asian: None, hyperlink: None, extensions: ExtensionBag { entries: [] } }), content: [Str("ILokiDocument")], attr: NodeAttr { id: None, classes: [], kv: [], extensions: ExtensionBag { entries: [] } } })], attr: NodeAttr { id: None, classes: [], kv: [], extensions: ExtensionBag { entries: [] } } })
test diagnose_loki_architecture_import ... ok

test result: ok. 1 passed; 0 failed; 0 ignored; 0 measured; 0 filtered out; finished in 0.05s

